<html>
<body>
<pre>
<h1>µVision Build Log</h1>
<h2>Project:</h2>
C:\Users\robert\Documents\fh\Project\MDU\main_LPC17xx.uvproj
Project File Date:  01/18/2018

<h2>Output:</h2>
Build target 'Target 1'
compiling main.cpp...
linking...
Program Size: Code=16126 RO-data=2686 RW-data=256 ZI-data=31216  
FromELF: creating hex file...
".\Bin\LPC17xx\main.axf" - 0 Error(s), 0 Warning(s).
Load "C:\\Users\\robert\\Documents\\fh\\Project\\MDU\\Bin\\LPC17xx\\main.axf" 
Erase Done.
Programming Done.
Verify OK.
Application running ...
).
Load "C:\\Users\\robert\\Documents\\fh\\Project\\MDU\\Bin\\LPC17xx\\main.axf" 
Erase Done.
Programming Done.
Verify OK.
Application running ...
rt\\Documents\\fh\\Project\\MDU\\Bin\\LPC17xx\\main.axf" 
Erase Done.
Programming Done.
Verify OK.
Application running ...
