<html>
<body>
<pre>
<h1>µVision Build Log</h1>
<h2>Project:</h2>
C:\Users\robert\Documents\fh\Project\MDU\main_LPC17xx.uvproj
Project File Date:  01/18/2018

<h2>Output:</h2>
Build target 'Target 1'
compiling main.cpp...
Src\main.cpp(216): warning:  #177-D: variable "cnter" was declared but never referenced
        int cnter = 0;
Src\main.cpp: 1 warning, 0 errors
linking...
Program Size: Code=20162 RO-data=2690 RW-data=228 ZI-data=31044  
FromELF: creating hex file...
".\Bin\LPC17xx\main.axf" - 0 Error(s), 1 Warning(s).
Load "C:\\Users\\robert\\Documents\\fh\\Project\\MDU\\Bin\\LPC17xx\\main.axf" 
Erase Done.
Programming Done.
Verify OK.
Application running ...
fh\\Project\\MDU\\Bin\\LPC17xx\\main.axf" 
Erase Done.
Programming Done.
Verify OK.
Application running ...
uments\\fh\\Project\\MDU\\Bin\\LPC17xx\\main.axf" 
Erase Done.
Programming Done.
Verify OK.
Application running ...
n running ...
ed
Load "C:\\Users\\robert\\Documents\\fh\\Project\\MDU\\Bin\\LPC17xx\\main.axf" 
_____^
*** error 56: cannot open file
Error: Flash Download failed  -  Could not load file 'C:\Users\robert\Documents\fh\Project\MDU\Bin\LPC17xx\main.axf'
