ARM Linker, 5.03 [Build 76] [MDK-ARM Lite]

==============================================================================

Section Cross References

    startup_lpc17xx.o(STACK) refers (Special) to heapauxi.o(.text) for __use_two_region_memory
    startup_lpc17xx.o(HEAP) refers (Special) to heapauxi.o(.text) for __use_two_region_memory
    startup_lpc17xx.o(RESET) refers (Special) to heapauxi.o(.text) for __use_two_region_memory
    startup_lpc17xx.o(RESET) refers to startup_lpc17xx.o(STACK) for __initial_sp
    startup_lpc17xx.o(RESET) refers to startup_lpc17xx.o(.text) for Reset_Handler
    startup_lpc17xx.o(RESET) refers to lib.o(i.PendSV_Handler) for PendSV_Handler
    startup_lpc17xx.o(RESET) refers to lib.o(i.SysTick_Handler) for SysTick_Handler
    startup_lpc17xx.o(RESET) refers to lib.o(i.TIMER0_IRQHandler) for TIMER0_IRQHandler
    startup_lpc17xx.o(RESET) refers to lib.o(i.TIMER1_IRQHandler) for TIMER1_IRQHandler
    startup_lpc17xx.o(RESET) refers to lib.o(i.TIMER2_IRQHandler) for TIMER2_IRQHandler
    startup_lpc17xx.o(RESET) refers to lib.o(i.TIMER3_IRQHandler) for TIMER3_IRQHandler
    startup_lpc17xx.o(RESET) refers to lib.o(i.UART0_IRQHandler) for UART0_IRQHandler
    startup_lpc17xx.o(RESET) refers to lib.o(i.UART1_IRQHandler) for UART1_IRQHandler
    startup_lpc17xx.o(RESET) refers to lib.o(i.UART3_IRQHandler) for UART3_IRQHandler
    startup_lpc17xx.o(RESET) refers to lib.o(i.PWM1_IRQHandler) for PWM1_IRQHandler
    startup_lpc17xx.o(RESET) refers to lib.o(i.ADC_IRQHandler) for ADC_IRQHandler
    startup_lpc17xx.o(RESET) refers to lib.o(i.USB_IRQHandler) for USB_IRQHandler
    startup_lpc17xx.o(.ARM.__at_0x02FC) refers (Special) to heapauxi.o(.text) for __use_two_region_memory
    startup_lpc17xx.o(.text) refers (Special) to heapauxi.o(.text) for __use_two_region_memory
    startup_lpc17xx.o(.text) refers to __main.o(!!!main) for __main
    startup_lpc17xx.o(.text) refers to startup_lpc17xx.o(HEAP) for Heap_Mem
    startup_lpc17xx.o(.text) refers to startup_lpc17xx.o(STACK) for Stack_Mem
    lib.o(i.ADC_IRQHandler) refers to lib.o(.data) for cHwADC_0::adcPtr
    lib.o(i.PWM1_IRQHandler) refers to lib.o(i._ZN10cHwTimer_N3isrEv) for cHwTimer_N::isr()
    lib.o(i.PWM1_IRQHandler) refers to lib.o(.data) for cHwTimer_N::timerPtr_PWM
    lib.o(i.PendSV_Handler) refers to rtos_asm.o(.text) for save_context
    lib.o(i.PendSV_Handler) refers to lib.o(.data) for stackPointer
    lib.o(i.SysTick_Handler) refers to rtos_asm.o(.text) for save_context
    lib.o(i.SysTick_Handler) refers to lib.o(.data) for stackPointer
    lib.o(i.SystemInit) refers to lib.o(.data) for SystemFrequency
    lib.o(i.TIMER0_IRQHandler) refers to lib.o(i._ZN10cHwTimer_N3isrEv) for cHwTimer_N::isr()
    lib.o(i.TIMER0_IRQHandler) refers to lib.o(.data) for cHwTimer_N::timerPtr_0
    lib.o(i.TIMER1_IRQHandler) refers to lib.o(i._ZN10cHwTimer_N3isrEv) for cHwTimer_N::isr()
    lib.o(i.TIMER1_IRQHandler) refers to lib.o(.data) for cHwTimer_N::timerPtr_1
    lib.o(i.TIMER2_IRQHandler) refers to lib.o(i._ZN10cHwTimer_N3isrEv) for cHwTimer_N::isr()
    lib.o(i.TIMER2_IRQHandler) refers to lib.o(.data) for cHwTimer_N::timerPtr_2
    lib.o(i.TIMER3_IRQHandler) refers to lib.o(i._ZN10cHwTimer_N3isrEv) for cHwTimer_N::isr()
    lib.o(i.TIMER3_IRQHandler) refers to lib.o(.data) for cHwTimer_N::timerPtr_3
    lib.o(i.UART0_IRQHandler) refers to lib.o(.data) for cHwUART_N::uartPtr_0
    lib.o(i.UART1_IRQHandler) refers to lib.o(.data) for cHwUART_N::uartPtr_1
    lib.o(i.UART3_IRQHandler) refers to lib.o(.data) for cHwUART_N::uartPtr_3
    lib.o(i.USB_IRQHandler) refers to lib.o(i._ZN8cHwUSB_03isrEv) for cHwUSB_0::isr()
    lib.o(i.USB_IRQHandler) refers to lib.o(.data) for cHwUSB_0::usbPtr
    lib.o(i._Z4ntohj) refers to lib.o(i._Z4htonj) for hton(unsigned)
    lib.o(i._Z4ntoht) refers to lib.o(i._Z4htont) for hton(unsigned short)
    lib.o(i._ZN10cDevTextIO6printfEPKcz) refers to c89vsnprintf.o(.text) for __c89vsnprintf
    lib.o(i._ZN10cDevTextIO6printfEPKcz) refers to strlen.o(.text) for strlen
    lib.o(i._ZN10cDevTextIO9getStringEv) refers to strchr.o(.text) for strchr
    lib.o(i._ZN10cDevTextIOC2EhhPKcS1_) refers to lib.o(i._Znaj) for operator new[] (unsigned)
    lib.o(i._ZN10cDevTextIOC2EhhPKcS1_) refers to lib.o(.constdata__ZTV10cDevTextIO) for vtable for cDevTextIO
    lib.o(i._ZN10cHwDisplayC2Ehh) refers to lib.o(.constdata__ZTV10cHwDisplay) for vtable for cHwDisplay
    lib.o(i._ZN10cHwTimer_N9enablePWMEhN8cHwTimer4ModeE) refers to lib.o(i._ZN12cHwPinConfig3setENS_8FunctionEj) for cHwPinConfig::set(cHwPinConfig::Function, unsigned)
    lib.o(i._ZN10cHwTimer_NC1ENS_7TimerIdEj) refers to lib.o(i._ZN5cListC1Ev) for cList::cList()
    lib.o(i._ZN10cHwTimer_NC1ENS_7TimerIdEj) refers to lib.o(i._Z14NVIC_EnableIRQ4IRQn) for NVIC_EnableIRQ(IRQn)
    lib.o(i._ZN10cHwTimer_NC1ENS_7TimerIdEj) refers to fflt_clz.o(x$fpl$ffltu) for __aeabi_ui2f
[...]
    i._ZN18cDevDisplayGraphic13drawRectangleEttttt 0x000014d8   Section        0  lib.o(i._ZN18cDevDisplayGraphic13drawRectangleEttttt)
    i._ZN18cDevDisplayGraphic5clearEv        0x0000150a   Section        0  lib.o(i._ZN18cDevDisplayGraphic5clearEv)
    i._ZN18cDevDisplayGraphicC1ER17cHwDisplayGraphic 0x00001518   Section        0  lib.o(i._ZN18cDevDisplayGraphicC1ER17cHwDisplayGraphic)
    i._ZN20cHwDisp_SPFD5408Bspi4initEv       0x0000153c   Section        0  lib.o(i._ZN20cHwDisp_SPFD5408Bspi4initEv)
    i._ZN20cHwDisp_SPFD5408Bspi5clearEv      0x000016f2   Section        0  lib.o(i._ZN20cHwDisp_SPFD5408Bspi5clearEv)
    i._ZN20cHwDisp_SPFD5408Bspi7setAreaEtttt 0x00001730   Section        0  lib.o(i._ZN20cHwDisp_SPFD5408Bspi7setAreaEtttt)
    i._ZN20cHwDisp_SPFD5408Bspi8setPixelEt   0x00001798   Section        0  lib.o(i._ZN20cHwDisp_SPFD5408Bspi8setPixelEt)
    i._ZN20cHwDisp_SPFD5408Bspi8writeCmdEt   0x000017a8   Section        0  lib.o(i._ZN20cHwDisp_SPFD5408Bspi8writeCmdEt)
    i._ZN20cHwDisp_SPFD5408Bspi8writeDatEt   0x000017d4   Section        0  lib.o(i._ZN20cHwDisp_SPFD5408Bspi8writeDatEt)
    i._ZN20cHwDisp_SPFD5408Bspi8writeRegEht  0x00001800   Section        0  lib.o(i._ZN20cHwDisp_SPFD5408Bspi8writeRegEht)
    i._ZN20cHwDisp_SPFD5408Bspi9maxWindowEv  0x0000181a   Section        0  lib.o(i._ZN20cHwDisp_SPFD5408Bspi9maxWindowEv)
    i._ZN20cHwDisp_SPFD5408BspiC1ERN12cHwSPImaster6DeviceERN7cHwPort3PinE14cHwDisplayFonth 0x00001858   Section        0  lib.o(i._ZN20cHwDisp_SPFD5408BspiC1ERN12cHwSPImaster6DeviceERN7cHwPort3PinE14cHwDisplayFonth)
    i._ZN26cDevControlEncoderJoystick12getIncrementEv 0x000018b0   Section        0  lib.o(i._ZN26cDevControlEncoderJoystick12getIncrementEv)
    i._ZN26cDevControlEncoderJoystickC1EP11cDevDigitalS1_S1_P8cHwTimert 0x00001924   Section        0  lib.o(i._ZN26cDevControlEncoderJoystickC1EP11cDevDigitalS1_S1_P8cHwTimert)
    i._ZN3GUI11getInstanceEv                 0x00001980   Section        0  main.o(i._ZN3GUI11getInstanceEv)
    i._ZN3GUI8drawRectE4Rectt                0x000019ac   Section        0  main.o(i._ZN3GUI8drawRectE4Rectt)
    i._ZN4RectC1Eiiii                        0x000019d8   Section        0  main.o(i._ZN4RectC1Eiiii)
    i._ZN5cList3addEPNS_4ItemE               0x000019e6   Section        0  lib.o(i._ZN5cList3addEPNS_4ItemE)
    i._ZN5cList4ItemC1EPS_                   0x00001a14   Section        0  lib.o(i._ZN5cList4ItemC1EPS_)
    i._ZN5cList9updateAllEv                  0x00001a34   Section        0  lib.o(i._ZN5cList9updateAllEv)
    i._ZN5cListC1Ev                          0x00001a4c   Section        0  lib.o(i._ZN5cListC1Ev)
    i._ZN6cHwADC3getEh                       0x00001a52   Section        0  lib.o(i._ZN6cHwADC3getEh)
    i._ZN6cHwADC3isrEv                       0x00001a7a   Section        0  lib.o(i._ZN6cHwADC3isrEv)
    i._ZN6cHwADC6enableEh                    0x00001ad2   Section        0  lib.o(i._ZN6cHwADC6enableEh)
    i._ZN6cHwADC6updateEv                    0x00001b10   Section        0  lib.o(i._ZN6cHwADC6updateEv)
    i._ZN6cHwADCC2EhP8cHwTimer               0x00001b44   Section        0  lib.o(i._ZN6cHwADCC2EhP8cHwTimer)
    i._ZN7cHwPort3Pin3clrEv                  0x00001b98   Section        0  lib.o(i._ZN7cHwPort3Pin3clrEv)
    i._ZN7cHwPort3Pin3getEv                  0x00001ba8   Section        0  lib.o(i._ZN7cHwPort3Pin3getEv)
    i._ZN7cHwPort3Pin3setEb                  0x00001bc2   Section        0  lib.o(i._ZN7cHwPort3Pin3setEb)
    i._ZN7cHwPort3Pin3setEv                  0x00001be2   Section        0  lib.o(i._ZN7cHwPort3Pin3setEv)
    i._ZN7cHwPort3Pin7setModeENS_4ModeE      0x00001bf2   Section        0  lib.o(i._ZN7cHwPort3Pin7setModeENS_4ModeE)
    i._ZN7cHwPort3PinC1ERS_h                 0x00001c08   Section        0  lib.o(i._ZN7cHwPort3PinC1ERS_h)
    i._ZN7cHwPortC2Ev                        0x00001c20   Section        0  lib.o(i._ZN7cHwPortC2Ev)
    i._ZN7cSystem13delayMicroSecEt           0x00001c2c   Section        0  lib.o(i._ZN7cSystem13delayMicroSecEt)
    i._ZN7cSystem13delayMilliSecEt           0x00001c5c   Section        0  lib.o(i._ZN7cSystem13delayMilliSecEt)
    i._ZN7cSystem15disableWatchdogEv         0x00001c74   Section        0  lib.o(i._ZN7cSystem15disableWatchdogEv)
    i._ZN7cSystem15enableInterruptEv         0x00001c78   Section        0  lib.o(i._ZN7cSystem15enableInterruptEv)
    i._ZN7cSystem16disableInterruptEv        0x00001c98   Section        0  lib.o(i._ZN7cSystem16disableInterruptEv)
    i._ZN7cSystemC1Eh                        0x00001cac   Section        0  lib.o(i._ZN7cSystemC1Eh)
    i._ZN8cHwADC_07startChEh                 0x00001cc4   Section        0  lib.o(i._ZN8cHwADC_07startChEh)
    i._ZN8cHwADC_08configChEh                0x00001cdc   Section        0  lib.o(i._ZN8cHwADC_08configChEh)
    i._ZN8cHwADC_09getResultEv               0x00001d48   Section        0  lib.o(i._ZN8cHwADC_09getResultEv)
    i._ZN8cHwADC_0C1EP8cHwTimer              0x00001d58   Section        0  lib.o(i._ZN8cHwADC_0C1EP8cHwTimer)
    i._ZN8cHwTimer10isrHandlerEv             0x00001dc0   Section        0  lib.o(i._ZN8cHwTimer10isrHandlerEv)
    i._ZN8cHwTimer12getCycleTimeEv           0x00001dce   Section        0  lib.o(i._ZN8cHwTimer12getCycleTimeEv)
    i._ZN8cHwTimer3addEPN5cList4ItemE        0x00001dd4   Section        0  lib.o(i._ZN8cHwTimer3addEPN5cList4ItemE)
    i._ZN8cHwUSB_03isrEv                     0x00001de8   Section        0  lib.o(i._ZN8cHwUSB_03isrEv)
    i._ZN8cHwUSB_05WrCmdEj                   0x00001ed0   Section        0  lib.o(i._ZN8cHwUSB_05WrCmdEj)
    i._ZN8cHwUSB_08RdCmdDatEj                0x00001ef8   Section        0  lib.o(i._ZN8cHwUSB_08RdCmdDatEj)
    i._ZN9cHwPort_N10setPinModeEhN7cHwPort4ModeE 0x00001f28   Section        0  lib.o(i._ZN9cHwPort_N10setPinModeEhN7cHwPort4ModeE)
    i._ZN9cHwPort_N3clrEj                    0x00001f50   Section        0  lib.o(i._ZN9cHwPort_N3clrEj)
    i._ZN9cHwPort_N3getEv                    0x00001f56   Section        0  lib.o(i._ZN9cHwPort_N3getEv)
    i._ZN9cHwPort_N3setEj                    0x00001f5e   Section        0  lib.o(i._ZN9cHwPort_N3setEj)
    i._ZN9cHwPort_NC1ENS_6PortIdE            0x00001f64   Section        0  lib.o(i._ZN9cHwPort_NC1ENS_6PortIdE)
    i._Znaj                                  0x00001fbc   Section        0  lib.o(i._Znaj)
    i.__ARM_fpclassifyf                      0x00001fc8   Section        0  fpclassifyf.o(i.__ARM_fpclassifyf)
    i.__cxa_guard_acquire                    0x00001fee   Section        0  cxa_guard_acquire.o(i.__cxa_guard_acquire)
    i.__cxa_pure_virtual                     0x00001ffe   Section        0  lib.o(i.__cxa_pure_virtual)
    i.__mathlib_flt_underflow                0x00002002   Section        0  funder.o(i.__mathlib_flt_underflow)
    i.__sti___7_GUI_cpp                      0x0000200c   Section        0  gui.o(i.__sti___7_GUI_cpp)
    __sti___7_GUI_cpp                        0x0000200d   Thumb Code     6  gui.o(i.__sti___7_GUI_cpp)
    i.__sti___8_main_cpp                     0x00002018   Section        0  main.o(i.__sti___8_main_cpp)
    __sti___8_main_cpp                       0x00002019   Thumb Code   240  main.o(i.__sti___8_main_cpp)
    i.expf                                   0x00002154   Section        0  expf.o(i.expf)
    i.main                                   0x000022c4   Section        0  main.o(i.main)
    i.sqrt                                   0x000024bc   Section        0  sqrt.o(i.sqrt)
    t._ZN5cFifoIN18cDevControlEncoder6tEventEE6isFullEv 0x00002508   Section        0  lib.o(t._ZN5cFifoIN18cDevControlEncoder6tEventEE6isFullEv)
    t._ZN5cFifoIN18cDevControlEncoder6tEventEElsERKS1_ 0x00002528   Section        0  lib.o(t._ZN5cFifoIN18cDevControlEncoder6tEventEElsERKS1_)
    x$fpl$d2f                                0x00002568   Section       98  d2f.o(x$fpl$d2f)
    x$fpl$dadd                               0x000025cc   Section      336  daddsub_clz.o(x$fpl$dadd)
    _dadd1                                   0x000025dd   Thumb Code     0  daddsub_clz.o(x$fpl$dadd)
    x$fpl$ddiv                               0x0000271c   Section      688  ddiv.o(x$fpl$ddiv)
    ddiv_entry                               0x00002723   Thumb Code     0  ddiv.o(x$fpl$ddiv)
    x$fpl$dfixu                              0x000029cc   Section       90  dfixu.o(x$fpl$dfixu)
    x$fpl$dflt                               0x00002a26   Section       46  dflt_clz.o(x$fpl$dflt)
    x$fpl$dfltu                              0x00002a54   Section       38  dflt_clz.o(x$fpl$dfltu)
    x$fpl$dmul                               0x00002a7c   Section      340  dmul.o(x$fpl$dmul)
    x$fpl$dnaninf                            0x00002bd0   Section      156  dnaninf.o(x$fpl$dnaninf)
    x$fpl$dretinf                            0x00002c6c   Section       12  dretinf.o(x$fpl$dretinf)
    x$fpl$dsqrt                              0x00002c78   Section      460  dsqrt_noumaal.o(x$fpl$dsqrt)
    x$fpl$dsub                               0x00002e44   Section      468  daddsub_clz.o(x$fpl$dsub)
    _dsub1                                   0x00002e55   Thumb Code     0  daddsub_clz.o(x$fpl$dsub)
    x$fpl$f2d                                0x00003018   Section       86  f2d.o(x$fpl$f2d)
    x$fpl$fadd                               0x00003070   Section      196  faddsub_clz.o(x$fpl$fadd)
    _fadd1                                   0x0000307f   Thumb Code     0  faddsub_clz.o(x$fpl$fadd)
    x$fpl$fcheck1                            0x00003134   Section       12  fcheck1.o(x$fpl$fcheck1)
    x$fpl$fcmpinf                            0x00003140   Section       24  fcmpi.o(x$fpl$fcmpinf)
    x$fpl$fdiv                               0x00003158   Section      388  fdiv.o(x$fpl$fdiv)
    _fdiv1                                   0x00003159   Thumb Code     0  fdiv.o(x$fpl$fdiv)
    x$fpl$ffix                               0x000032dc   Section       54  ffix.o(x$fpl$ffix)
    x$fpl$ffixu                              0x00003314   Section       62  ffixu.o(x$fpl$ffixu)
    x$fpl$fflt                               0x00003354   Section       48  fflt_clz.o(x$fpl$fflt)
    x$fpl$ffltu                              0x00003384   Section       38  fflt_clz.o(x$fpl$ffltu)
    x$fpl$fleqf                              0x000033ac   Section      104  fleqf.o(x$fpl$fleqf)
    x$fpl$fmul                               0x00003414   Section      258  fmul.o(x$fpl$fmul)
    x$fpl$fnaninf                            0x00003516   Section      140  fnaninf.o(x$fpl$fnaninf)
    x$fpl$fretinf                            0x000035a2   Section       10  fretinf.o(x$fpl$fretinf)
    x$fpl$frleqf                             0x000035ac   Section       98  frleqf.o(x$fpl$frleqf)
    x$fpl$frnd                               0x00003610   Section       96  frnd.o(x$fpl$frnd)
    x$fpl$frsb                               0x00003670   Section       20  faddsub_clz.o(x$fpl$frsb)
    x$fpl$fsub                               0x00003684   Section      234  faddsub_clz.o(x$fpl$fsub)
    _fsub1                                   0x00003693   Thumb Code     0  faddsub_clz.o(x$fpl$fsub)
    x$fpl$retnan                             0x0000376e   Section      100  retnan.o(x$fpl$retnan)
    x$fpl$scalbnf                            0x000037d2   Section       76  scalbnf.o(x$fpl$scalbnf)
    x$fpl$trapveneer                         0x0000381e   Section       48  trapv.o(x$fpl$trapveneer)
    .constdata                               0x0000384e   Section     1157  main.o(.constdata)
    x$fpl$usenofp                            0x0000384e   Section        0  usenofp.o(x$fpl$usenofp)
    fontFont_8x12                            0x0000384e   Data        1157  main.o(.constdata)
    .constdata                               0x00003cd4   Section       48  expf.o(.constdata)
    twotokover4top                           0x00003cd4   Data          16  expf.o(.constdata)
    twotokover4bot                           0x00003ce4   Data          16  expf.o(.constdata)
    twotokover4all                           0x00003cf4   Data          16  expf.o(.constdata)
    .constdata__ZTV10cHwDisplay              0x00003d04   Section       28  lib.o(.constdata__ZTV10cHwDisplay)
    .constdata__ZTV10cHwTimer_N              0x00003d20   Section       28  lib.o(.constdata__ZTV10cHwTimer_N)
    .constdata__ZTV11cDevDigital             0x00003d3c   Section       68  lib.o(.constdata__ZTV11cDevDigital)
    .constdata__ZTV11cDevDisplay             0x00003d80   Section       16  lib.o(.constdata__ZTV11cDevDisplay)
    .constdata__ZTV12TimerHandler            0x00003d90   Section       12  main.o(.constdata__ZTV12TimerHandler)
    .constdata__ZTV12cHwSPImaster            0x00003d9c   Section       16  lib.o(.constdata__ZTV12cHwSPImaster)
    .constdata__ZTV14cHwSPImaster_1          0x00003dac   Section       16  lib.o(.constdata__ZTV14cHwSPImaster_1)
    .constdata__ZTV15cDevDisplayChar         0x00003dbc   Section       20  lib.o(.constdata__ZTV15cDevDisplayChar)
    .constdata__ZTV17cHwDisplayGraphic       0x00003dd0   Section       80  lib.o(.constdata__ZTV17cHwDisplayGraphic)
    .constdata__ZTV18cDevControlEncoder      0x00003e20   Section       20  lib.o(.constdata__ZTV18cDevControlEncoder)
    .constdata__ZTV18cDevDisplayGraphic      0x00003e34   Section       68  lib.o(.constdata__ZTV18cDevDisplayGraphic)
    .constdata__ZTV20cHwDisp_SPFD5408Bspi    0x00003e78   Section       80  lib.o(.constdata__ZTV20cHwDisp_SPFD5408Bspi)
    .constdata__ZTV26cDevControlEncoderJoystick 0x00003ec8   Section       20  lib.o(.constdata__ZTV26cDevControlEncoderJoystick)
    .constdata__ZTV6cHwADC                   0x00003edc   Section       40  lib.o(.constdata__ZTV6cHwADC)
    .constdata__ZTV7cHwPort                  0x00003f04   Section       32  lib.o(.constdata__ZTV7cHwPort)
    .constdata__ZTV8cHwADC_0                 0x00003f24   Section       40  lib.o(.constdata__ZTV8cHwADC_0)
    .constdata__ZTV8cHwTimer                 0x00003f4c   Section       28  lib.o(.constdata__ZTV8cHwTimer)
    .constdata__ZTV9cHwPort_N                0x00003f68   Section       32  lib.o(.constdata__ZTV9cHwPort_N)
    .constdata__ZTVN12cHwSPImaster6DeviceE   0x00003f88   Section       44  lib.o(.constdata__ZTVN12cHwSPImaster6DeviceE)
    .constdata__ZTVN5cList4ItemE             0x00003fb4   Section       12  lib.o(.constdata__ZTVN5cList4ItemE)
    .constdata__ZTVN7cHwPort3PinE            0x00003fc0   Section       28  lib.o(.constdata__ZTVN7cHwPort3PinE)
    .init_array                              0x00003ffc   Section        4  main.o(.init_array)
    .init_array                              0x00004000   Section        4  gui.o(.init_array)
    .data                                    0x10000000   Section       84  lib.o(.data)
    stackPointer                             0x10000044   Data           4  lib.o(.data)
    stackPointer                             0x10000048   Data           4  lib.o(.data)
    .data                                    0x10000054   Section      136  main.o(.data)
    .data__ZZN3GUI11getInstanceEvE8instance  0x100000dc   Section        8  main.o(.data__ZZN3GUI11getInstanceEvE8instance)
    GUI::getInstance()::instance             0x100000dc   Number         0  main.o(.data__ZZN3GUI11getInstanceEvE8instance)
    .bss                                     0x100000e8   Section     2256  main.o(.bss)
    .bss                                     0x100009b8   Section       16  gui.o(.bss)
    .bss                                     0x100009c8   Section       96  libspace.o(.bss)
    HEAP                                     0x10000a28   Section    24576  startup_lpc17xx.o(HEAP)
    Heap_Mem                                 0x10000a28   Data       24576  startup_lpc17xx.o(HEAP)
    STACK                                    0x10006a28   Section     4096  startup_lpc17xx.o(STACK)
    Stack_Mem                                0x10006a28   Data        4096  startup_lpc17xx.o(STACK)
    __initial_sp                             0x10007a28   Data           0  startup_lpc17xx.o(STACK)

    Global Symbols

    Symbol Name                              Value     Ov Type        Size  Object(Section)

    BuildAttributes$$THM_ISAv4$P$D$K$B$S$PE$A:L22UL41UL21$X:L11$S22US41US21$IEEE1$IW$USESV6$~STKCKD$USESV7$~SHL$OTIME$ROPI$IEEEX$EBA8$UX$STANDARDLIB$REQ8$PRES8$EABIv2 0x00000000   Number         0  anon$$obj.o ABSOLUTE
    __ARM_use_no_argv                        0x00000000   Number         0  main.o ABSOLUTE
    __Vectors                                0x00000000   Data           4  startup_lpc17xx.o(RESET)
    _printf_flags                            0x00000000   Number         0  printf_stubs.o ABSOLUTE
    _printf_return_value                     0x00000000   Number         0  printf_stubs.o ABSOLUTE
    _printf_sizespec                         0x00000000   Number         0  printf_stubs.o ABSOLUTE
    _printf_widthprec                        0x00000000   Number         0  printf_stubs.o ABSOLUTE
    __ARM_exceptions_init                     - Undefined Weak Reference
    __alloca_initialize                       - Undefined Weak Reference
    __cxa_finalize                            - Undefined Weak Reference
    __sigvec_lookup                           - Undefined Weak Reference
    __user_heap_extent                        - Undefined Weak Reference
    _atexit_init                              - Undefined Weak Reference
    _call_atexit_fns                          - Undefined Weak Reference
    _clock_init                               - Undefined Weak Reference
    _fp_trap_init                             - Undefined Weak Reference
    _fp_trap_shutdown                         - Undefined Weak Reference
    _get_lc_collate                           - Undefined Weak Reference
    _get_lc_monetary                          - Undefined Weak Reference
    _get_lc_time                              - Undefined Weak Reference
    _getenv_init                              - Undefined Weak Reference
    _handle_redirection                       - Undefined Weak Reference
    _initio                                   - Undefined Weak Reference
    _mutex_acquire                            - Undefined Weak Reference
    _mutex_free                               - Undefined Weak Reference
    _mutex_release                            - Undefined Weak Reference
    _printf_fp_hex                            - Undefined Weak Reference
    _printf_mbtowc                            - Undefined Weak Reference
    _printf_wc                                - Undefined Weak Reference
    _rand_init                                - Undefined Weak Reference
    _signal_finish                            - Undefined Weak Reference
    _signal_init                              - Undefined Weak Reference
    _terminateio                              - Undefined Weak Reference
    __main                                   0x000000cd   Thumb Code     8  __main.o(!!!main)
    __scatterload                            0x000000d5   Thumb Code     0  __scatter.o(!!!scatter)
    __scatterload_rt2                        0x000000d5   Thumb Code    44  __scatter.o(!!!scatter)
    __scatterload_rt2_thumb_only             0x000000d5   Thumb Code     0  __scatter.o(!!!scatter)
    __scatterload_null                       0x000000e3   Thumb Code     0  __scatter.o(!!!scatter)
    __scatterload_copy                       0x00000109   Thumb Code    26  __scatter_copy.o(!!handler_copy)
    __scatterload_zeroinit                   0x00000125   Thumb Code    28  __scatter_zi.o(!!handler_zi)
    __rt_lib_init                            0x00000141   Thumb Code     0  libinit.o(.ARM.Collect$$libinit$$00000000)
    __rt_lib_init_fp_1                       0x00000143   Thumb Code     0  libinit2.o(.ARM.Collect$$libinit$$00000002)
    __rt_lib_init_heap_2                     0x00000143   Thumb Code     0  libinit2.o(.ARM.Collect$$libinit$$00000003)
    __rt_lib_init_alloca_1                   0x0000014b   Thumb Code     0  libinit2.o(.ARM.Collect$$libinit$$0000002C)
    __rt_lib_init_argv_1                     0x0000014b   Thumb Code     0  libinit2.o(.ARM.Collect$$libinit$$0000002A)
    __rt_lib_init_atexit_1                   0x0000014b   Thumb Code     0  libinit2.o(.ARM.Collect$$libinit$$00000019)
    __rt_lib_init_clock_1                    0x0000014b   Thumb Code     0  libinit2.o(.ARM.Collect$$libinit$$0000001F)
    __rt_lib_init_cpp_2                      0x0000014b   Thumb Code     0  libinit2.o(.ARM.Collect$$libinit$$0000002F)
    __rt_lib_init_exceptions_1               0x0000014b   Thumb Code     0  libinit2.o(.ARM.Collect$$libinit$$0000002E)
    __rt_lib_init_fp_trap_1                  0x0000014b   Thumb Code     0  libinit2.o(.ARM.Collect$$libinit$$0000001D)
    __rt_lib_init_getenv_1                   0x0000014b   Thumb Code     0  libinit2.o(.ARM.Collect$$libinit$$00000021)
    __rt_lib_init_heap_1                     0x0000014b   Thumb Code     0  libinit2.o(.ARM.Collect$$libinit$$00000008)
    __rt_lib_init_lc_collate_1               0x0000014b   Thumb Code     0  libinit2.o(.ARM.Collect$$libinit$$0000000F)
    __rt_lib_init_lc_ctype_1                 0x0000014b   Thumb Code     0  libinit2.o(.ARM.Collect$$libinit$$00000011)
    __rt_lib_init_lc_monetary_1              0x0000014b   Thumb Code     0  libinit2.o(.ARM.Collect$$libinit$$00000013)
    __rt_lib_init_lc_numeric_1               0x0000014b   Thumb Code     0  libinit2.o(.ARM.Collect$$libinit$$00000015)
    __rt_lib_init_lc_time_1                  0x0000014b   Thumb Code     0  libinit2.o(.ARM.Collect$$libinit$$00000017)
    __rt_lib_init_rand_1                     0x0000014b   Thumb Code     0  libinit2.o(.ARM.Collect$$libinit$$0000000C)
    __rt_lib_init_signal_1                   0x0000014b   Thumb Code     0  libinit2.o(.ARM.Collect$$libinit$$0000001B)
    __rt_lib_init_stdio_1                    0x0000014b   Thumb Code     0  libinit2.o(.ARM.Collect$$libinit$$00000023)
    __rt_lib_init_user_alloc_1               0x0000014b   Thumb Code     0  libinit2.o(.ARM.Collect$$libinit$$0000000A)
    __rt_lib_init_cpp_1                      0x0000014f   Thumb Code     0  libinit2.o(.ARM.Collect$$libinit$$00000030)
    __rt_lib_init_return                     0x0000014f   Thumb Code     0  libinit2.o(.ARM.Collect$$libinit$$00000031)
    __rt_lib_shutdown                        0x00000151   Thumb Code     0  libshutdown.o(.ARM.Collect$$libshutdown$$00000000)
    __rt_lib_shutdown_fp_trap_1              0x00000153   Thumb Code     0  libshutdown2.o(.ARM.Collect$$libshutdown$$00000006)
    __rt_lib_shutdown_heap_1                 0x00000153   Thumb Code     0  libshutdown2.o(.ARM.Collect$$libshutdown$$0000000E)
    __rt_lib_shutdown_return                 0x00000153   Thumb Code     0  libshutdown2.o(.ARM.Collect$$libshutdown$$0000000F)
    __rt_lib_shutdown_signal_1               0x00000153   Thumb Code     0  libshutdown2.o(.ARM.Collect$$libshutdown$$00000009)
    __rt_lib_shutdown_stdio_1                0x00000153   Thumb Code     0  libshutdown2.o(.ARM.Collect$$libshutdown$$00000003)
    __rt_lib_shutdown_user_alloc_1           0x00000153   Thumb Code     0  libshutdown2.o(.ARM.Collect$$libshutdown$$0000000B)
    __rt_entry                               0x00000155   Thumb Code     0  rtentry.o(.ARM.Collect$$rtentry$$00000000)
    __rt_entry_presh_1                       0x00000155   Thumb Code     0  rtentry2.o(.ARM.Collect$$rtentry$$00000002)
    __rt_entry_sh                            0x00000155   Thumb Code     0  rtentry4.o(.ARM.Collect$$rtentry$$00000004)
    __rt_entry_li                            0x0000015b   Thumb Code     0  rtentry2.o(.ARM.Collect$$rtentry$$0000000A)
    __rt_entry_postsh_1                      0x0000015b   Thumb Code     0  rtentry2.o(.ARM.Collect$$rtentry$$00000009)
    __rt_entry_main                          0x0000015f   Thumb Code     0  rtentry2.o(.ARM.Collect$$rtentry$$0000000D)
    __rt_entry_postli_1                      0x0000015f   Thumb Code     0  rtentry2.o(.ARM.Collect$$rtentry$$0000000C)
    __rt_exit                                0x00000167   Thumb Code     0  rtexit.o(.ARM.Collect$$rtexit$$00000000)
    __rt_exit_ls                             0x00000169   Thumb Code     0  rtexit2.o(.ARM.Collect$$rtexit$$00000003)
    __rt_exit_prels_1                        0x00000169   Thumb Code     0  rtexit2.o(.ARM.Collect$$rtexit$$00000002)
    __rt_exit_exit                           0x0000016d   Thumb Code     0  rtexit2.o(.ARM.Collect$$rtexit$$00000004)
    Reset_Handler                            0x00000175   Thumb Code     4  startup_lpc17xx.o(.text)
    _maybe_terminate_alloc                   0x00000175   Thumb Code     0  maybetermalloc1.o(.emb_text)
    NMI_Handler                              0x00000179   Thumb Code     2  startup_lpc17xx.o(.text)
    HardFault_Handler                        0x0000017b   Thumb Code     2  startup_lpc17xx.o(.text)
    MemManage_Handler                        0x0000017d   Thumb Code     2  startup_lpc17xx.o(.text)
    BusFault_Handler                         0x0000017f   Thumb Code     2  startup_lpc17xx.o(.text)
    UsageFault_Handler                       0x00000181   Thumb Code     2  startup_lpc17xx.o(.text)
    SVC_Handler                              0x00000183   Thumb Code     2  startup_lpc17xx.o(.text)
    DebugMon_Handler                         0x00000185   Thumb Code     2  startup_lpc17xx.o(.text)
    BOD_IRQHandler                           0x0000018b   Thumb Code     0  startup_lpc17xx.o(.text)
    CANActivity_IRQHandler                   0x0000018b   Thumb Code     0  startup_lpc17xx.o(.text)
    CAN_IRQHandler                           0x0000018b   Thumb Code     0  startup_lpc17xx.o(.text)
    DMA_IRQHandler                           0x0000018b   Thumb Code     0  startup_lpc17xx.o(.text)
    EINT0_IRQHandler                         0x0000018b   Thumb Code     0  startup_lpc17xx.o(.text)
    EINT1_IRQHandler                         0x0000018b   Thumb Code     0  startup_lpc17xx.o(.text)
    EINT2_IRQHandler                         0x0000018b   Thumb Code     0  startup_lpc17xx.o(.text)
    EINT3_IRQHandler                         0x0000018b   Thumb Code     0  startup_lpc17xx.o(.text)
    ENET_IRQHandler                          0x0000018b   Thumb Code     0  startup_lpc17xx.o(.text)
    I2C0_IRQHandler                          0x0000018b   Thumb Code     0  startup_lpc17xx.o(.text)
    I2C1_IRQHandler                          0x0000018b   Thumb Code     0  startup_lpc17xx.o(.text)
    I2C2_IRQHandler                          0x0000018b   Thumb Code     0  startup_lpc17xx.o(.text)
    I2S_IRQHandler                           0x0000018b   Thumb Code     0  startup_lpc17xx.o(.text)
    MCPWM_IRQHandler                         0x0000018b   Thumb Code     0  startup_lpc17xx.o(.text)
    PLL0_IRQHandler                          0x0000018b   Thumb Code     0  startup_lpc17xx.o(.text)
    PLL1_IRQHandler                          0x0000018b   Thumb Code     0  startup_lpc17xx.o(.text)
    QEI_IRQHandler                           0x0000018b   Thumb Code     0  startup_lpc17xx.o(.text)
    RIT_IRQHandler                           0x0000018b   Thumb Code     0  startup_lpc17xx.o(.text)
    RTC_IRQHandler                           0x0000018b   Thumb Code     0  startup_lpc17xx.o(.text)
    SPI_IRQHandler                           0x0000018b   Thumb Code     0  startup_lpc17xx.o(.text)
    SSP0_IRQHandler                          0x0000018b   Thumb Code     0  startup_lpc17xx.o(.text)
    SSP1_IRQHandler                          0x0000018b   Thumb Code     0  startup_lpc17xx.o(.text)
    UART2_IRQHandler                         0x0000018b   Thumb Code     0  startup_lpc17xx.o(.text)
    USBActivity_IRQHandler                   0x0000018b   Thumb Code     0  startup_lpc17xx.o(.text)
    WDT_IRQHandler                           0x0000018b   Thumb Code     0  startup_lpc17xx.o(.text)
    __user_initial_stackheap                 0x0000018d   Thumb Code     0  startup_lpc17xx.o(.text)
    load_context                             0x000001ad   Thumb Code    18  rtos_asm.o(.text)
    save_context                             0x000001bf   Thumb Code    14  rtos_asm.o(.text)
    malloc                                   0x000001cd   Thumb Code    94  h1_alloc.o(.text)
    free                                     0x0000022b   Thumb Code    78  h1_free.o(.text)
    abort                                    0x00000279   Thumb Code    16  abort.o(.text)
    __use_two_region_memory                  0x00000289   Thumb Code     2  heapauxi.o(.text)
    __rt_heap_escrow                         0x0000028b   Thumb Code     2  heapauxi.o(.text)
    __rt_heap_expand                         0x0000028d   Thumb Code     2  heapauxi.o(.text)
    __cpp_initialize__aeabi_                 0x00000291   Thumb Code    26  init_aeabi.o(.text)
    _sys_exit                                0x000002b5   Thumb Code     8  sys_exit.o(.text)
    __rt_heap_descriptor                     0x000002c1   Thumb Code     8  rt_heap_descriptor_intlibspace.o(.text)
    __use_no_heap                            0x000002c9   Thumb Code     2  hguard.o(.text)
    __heap$guard                             0x000002cb   Thumb Code     2  hguard.o(.text)
    __Heap_Initialize                        0x000002cd   Thumb Code    10  h1_init.o(.text)
    __Heap_DescSize                          0x000002d7   Thumb Code     4  h1_init.o(.text)
    __read_errno                             0x000002db   Thumb Code    10  _rserrno.o(.text)
    __set_errno                              0x000002e5   Thumb Code    12  _rserrno.o(.text)
    __user_libspace                          0x000002f1   Thumb Code     8  libspace.o(.text)
    __user_perproc_libspace                  0x000002f1   Thumb Code     0  libspace.o(.text)
    __user_perthread_libspace                0x000002f1   Thumb Code     0  libspace.o(.text)
    __I$use$semihosting                      0x000002f9   Thumb Code     0  use_no_semi.o(.text)
    __use_no_semihosting_swi                 0x000002f9   Thumb Code     2  use_no_semi.o(.text)
    cList::Item::update()                    0x000002fb   Thumb Code     2  lib.o(i._ZN5cList4Item6updateEv)
    __semihosting_library_function           0x000002fb   Thumb Code     0  indicate_semi.o(.text)
    _terminate_user_alloc                    0x00000301   Thumb Code     2  init_alloc.o(.text)
    _init_user_alloc                         0x00000303   Thumb Code     2  init_alloc.o(.text)
    __Heap_Full                              0x00000305   Thumb Code    34  init_alloc.o(.text)
    __Heap_Broken                            0x00000327   Thumb Code     6  init_alloc.o(.text)
    _init_alloc                              0x0000032d   Thumb Code    94  init_alloc.o(.text)
    __rt_SIGABRT                             0x0000038b   Thumb Code    14  defsig_abrt_outer.o(.text)
    __aeabi_errno_addr                       0x00000399   Thumb Code     8  rt_errno_addr_intlibspace.o(.text)
    __errno$intlibspace                      0x00000399   Thumb Code     0  rt_errno_addr_intlibspace.o(.text)
    __rt_errno_addr$intlibspace              0x00000399   Thumb Code     0  rt_errno_addr_intlibspace.o(.text)
    __Heap_ProvideMemory                     0x000003a1   Thumb Code    52  h1_extend.o(.text)
    __sig_exit                               0x000003d5   Thumb Code    10  defsig_exit.o(.text)
    __rt_SIGABRT_inner                       0x000003e1   Thumb Code    14  defsig_abrt_inner.o(.text)
    __rt_SIGRTMEM                            0x00000411   Thumb Code    14  defsig_rtmem_outer.o(.text)
    __user_setup_stackheap                   0x0000041f   Thumb Code    74  sys_stackheap_outer.o(.text)
    exit                                     0x00000469   Thumb Code    12  exit.o(.text)
    __default_signal_display                 0x00000475   Thumb Code    50  defsig_general.o(.text)
    __rt_SIGRTMEM_inner                      0x000004a9   Thumb Code    22  defsig_rtmem_inner.o(.text)
    _ttywrch                                 0x000004f9   Thumb Code    14  sys_wrch.o(.text)
    ADC_IRQHandler                           0x00000509   Thumb Code    26  lib.o(i.ADC_IRQHandler)
    PWM1_IRQHandler                          0x0000052d   Thumb Code    12  lib.o(i.PWM1_IRQHandler)
    PendSV_Handler                           0x0000053d   Thumb Code    36  lib.o(i.PendSV_Handler)
    SysTick_Handler                          0x00000569   Thumb Code    46  lib.o(i.SysTick_Handler)
    SystemInit                               0x000005a5   Thumb Code   538  lib.o(i.SystemInit)
    TIMER0_IRQHandler                        0x0000080d   Thumb Code    12  lib.o(i.TIMER0_IRQHandler)
    TIMER1_IRQHandler                        0x0000081d   Thumb Code    12  lib.o(i.TIMER1_IRQHandler)
    TIMER2_IRQHandler                        0x0000082d   Thumb Code    12  lib.o(i.TIMER2_IRQHandler)
    TIMER3_IRQHandler                        0x0000083d   Thumb Code    12  lib.o(i.TIMER3_IRQHandler)
    UART0_IRQHandler                         0x0000084d   Thumb Code    18  lib.o(i.UART0_IRQHandler)
    UART1_IRQHandler                         0x00000865   Thumb Code    18  lib.o(i.UART1_IRQHandler)
    UART3_IRQHandler                         0x0000087d   Thumb Code    18  lib.o(i.UART3_IRQHandler)
    USB_IRQHandler                           0x00000895   Thumb Code    12  lib.o(i.USB_IRQHandler)
    displayValue(float, int, int, int)       0x000008a5   Thumb Code   258  main.o(i._Z12displayValuefiii)
    FFT(short, long, double*, double*)       0x000009d5   Thumb Code   740  main.o(i._Z3FFTslPdS_)
    cHwDisplay::cHwDisplay__sub_object(unsigned char, unsigned char) 0x00000cc1   Thumb Code    10  lib.o(i._ZN10cHwDisplayC2Ehh)
    cHwTimer_N::isr()                        0x00000cd1   Thumb Code    40  lib.o(i._ZN10cHwTimer_N3isrEv)
    cHwTimer_N::cHwTimer_N(cHwTimer_N::TimerId, unsigned) 0x00000cf9   Thumb Code   312  lib.o(i._ZN10cHwTimer_NC1ENS_7TimerIdEj)
    cHwTimer_N::cHwTimer_N__sub_object(cHwTimer_N::TimerId, unsigned) 0x00000cf9   Thumb Code     0  lib.o(i._ZN10cHwTimer_NC1ENS_7TimerIdEj)
    cDevDigital::isReleased()                0x00000e75   Thumb Code    18  lib.o(i._ZN11cDevDigital10isReleasedEv)
    cDevDigital::isActivated()               0x00000e87   Thumb Code    18  lib.o(i._ZN11cDevDigital11isActivatedEv)
    cDevDigital::get()                       0x00000e99   Thumb Code    26  lib.o(i._ZN11cDevDigital3getEv)
    cDevDigital::isSet()                     0x00000eb3   Thumb Code     6  lib.o(i._ZN11cDevDigital5isSetEv)
    cDevDigital::update()                    0x00000eb9   Thumb Code    20  lib.o(i._ZN11cDevDigital6updateEv)
    cDevDigital::cDevDigital(cHwPort&, unsigned char, cDevDigital::Mode, bool) 0x00000ecd   Thumb Code    70  lib.o(i._ZN11cDevDigitalC1ER7cHwPorthNS_4ModeEb)
    cDevDigital::cDevDigital__sub_object(cHwPort&, unsigned char, cDevDigital::Mode, bool) 0x00000ecd   Thumb Code     0  lib.o(i._ZN11cDevDigitalC1ER7cHwPorthNS_4ModeEb)
    cDevDisplay::cDevDisplay__sub_object()   0x00000f19   Thumb Code     6  lib.o(i._ZN11cDevDisplayC2Ev)
    TimerHandler::update()                   0x00000f25   Thumb Code   172  main.o(i._ZN12TimerHandler6updateEv)
    TimerHandler::TimerHandler()             0x00000fdd   Thumb Code   106  main.o(i._ZN12TimerHandlerC1Ev)
    TimerHandler::TimerHandler__sub_object() 0x00000fdd   Thumb Code     0  main.o(i._ZN12TimerHandlerC1Ev)
    cHwPinConfig::set(cHwPinConfig::Function, unsigned) 0x00001059   Thumb Code   250  lib.o(i._ZN12cHwPinConfig3setENS_8FunctionEj)
    cHwSPImaster::Device::stop()             0x0000115d   Thumb Code    14  lib.o(i._ZN12cHwSPImaster6Device4stopEv)
    cHwSPImaster::Device::start()            0x0000116b   Thumb Code    14  lib.o(i._ZN12cHwSPImaster6Device5startEv)
    cHwSPImaster::Device::write(unsigned char*, unsigned short) 0x00001179   Thumb Code    56  lib.o(i._ZN12cHwSPImaster6Device5writeEPht)
    cHwSPImaster::Device::Device(const cHwSPImaster::Device&) 0x000011b1   Thumb Code    30  lib.o(i._ZN12cHwSPImaster6DeviceC1ERKS0_)
    cHwSPImaster::Device::Device__sub_object(const cHwSPImaster::Device&) 0x000011b1   Thumb Code     0  lib.o(i._ZN12cHwSPImaster6DeviceC1ERKS0_)
    cHwSPImaster::Device::Device(cHwSPImaster&, cHwPort&, unsigned char) 0x000011d9   Thumb Code    72  main.o(i._ZN12cHwSPImaster6DeviceC1ERS_R7cHwPorth)
    cHwSPImaster::Device::Device__sub_object(cHwSPImaster&, cHwPort&, unsigned char) 0x000011d9   Thumb Code     0  main.o(i._ZN12cHwSPImaster6DeviceC1ERS_R7cHwPorth)
    cHwSPImaster::cHwSPImaster__sub_object() 0x00001225   Thumb Code     6  lib.o(i._ZN12cHwSPImasterC2Ev)
    cHwDisplayFont::cHwDisplayFont(const cHwDisplayFontProperties*, const unsigned char*) 0x00001231   Thumb Code    10  lib.o(i._ZN14cHwDisplayFontC1EPK24cHwDisplayFontPropertiesPKh)
    cHwDisplayFont::cHwDisplayFont__sub_object(const cHwDisplayFontProperties*, const unsigned char*) 0x00001231   Thumb Code     0  lib.o(i._ZN14cHwDisplayFontC1EPK24cHwDisplayFontPropertiesPKh)
    cHwSPImaster_1::transceiveByte(unsigned char) 0x0000123d   Thumb Code    52  lib.o(i._ZN14cHwSPImaster_114transceiveByteEh)
    cHwSPImaster_1::cHwSPImaster_1(cHwSPImaster::MODE, cHwSPImaster::ClockPolPha) 0x00001275   Thumb Code   138  lib.o(i._ZN14cHwSPImaster_1C1EN12cHwSPImaster4MODEENS0_11ClockPolPhaE)
    cHwSPImaster_1::cHwSPImaster_1__sub_object(cHwSPImaster::MODE, cHwSPImaster::ClockPolPha) 0x00001275   Thumb Code     0  lib.o(i._ZN14cHwSPImaster_1C1EN12cHwSPImaster4MODEENS0_11ClockPolPhaE)
    cDevDisplayChar::cDevDisplayChar(cHwDisplay&) 0x00001311   Thumb Code    32  lib.o(i._ZN15cDevDisplayCharC1ER10cHwDisplay)
    cDevDisplayChar::cDevDisplayChar__sub_object(cHwDisplay&) 0x00001311   Thumb Code     0  lib.o(i._ZN15cDevDisplayCharC1ER10cHwDisplay)
    cHwDisplayGraphic::putRectangle(unsigned short, unsigned short, unsigned short, unsigned short) 0x00001335   Thumb Code    74  lib.o(i._ZN17cHwDisplayGraphic12putRectangleEtttt)
    cHwDisplayGraphic::setPaintColor(unsigned short) 0x0000137f   Thumb Code     4  lib.o(i._ZN17cHwDisplayGraphic13setPaintColorEt)
    cHwDisplayGraphic::cHwDisplayGraphic__sub_object(cHwDisplayFont, unsigned char) 0x00001385   Thumb Code    62  lib.o(i._ZN17cHwDisplayGraphicC2E14cHwDisplayFonth)
    cDevControlEncoder::update()             0x000013c9   Thumb Code   134  lib.o(i._ZN18cDevControlEncoder6updateEv)
    cDevControlEncoder::getCtrl()            0x0000144f   Thumb Code    48  lib.o(i._ZN18cDevControlEncoder7getCtrlEv)
    cDevControlEncoder::cDevControlEncoder__sub_object(cDevDigital*, cHwTimer*) 0x00001481   Thumb Code    84  lib.o(i._ZN18cDevControlEncoderC2EP11cDevDigitalP8cHwTimer)
    cDevDisplayGraphic::drawRectangle(unsigned short, unsigned short, unsigned short, unsigned short, unsigned short) 0x000014d9   Thumb Code    50  lib.o(i._ZN18cDevDisplayGraphic13drawRectangleEttttt)
    cDevDisplayGraphic::clear()              0x0000150b   Thumb Code    14  lib.o(i._ZN18cDevDisplayGraphic5clearEv)
    cDevDisplayGraphic::cDevDisplayGraphic(cHwDisplayGraphic&) 0x00001519   Thumb Code    30  lib.o(i._ZN18cDevDisplayGraphicC1ER17cHwDisplayGraphic)
    cDevDisplayGraphic::cDevDisplayGraphic__sub_object(cHwDisplayGraphic&) 0x00001519   Thumb Code     0  lib.o(i._ZN18cDevDisplayGraphicC1ER17cHwDisplayGraphic)
    cHwDisp_SPFD5408Bspi::init()             0x0000153d   Thumb Code   438  lib.o(i._ZN20cHwDisp_SPFD5408Bspi4initEv)
    cHwDisp_SPFD5408Bspi::clear()            0x000016f3   Thumb Code    62  lib.o(i._ZN20cHwDisp_SPFD5408Bspi5clearEv)
    cHwDisp_SPFD5408Bspi::setArea(unsigned short, unsigned short, unsigned short, unsigned short) 0x00001731   Thumb Code   104  lib.o(i._ZN20cHwDisp_SPFD5408Bspi7setAreaEtttt)
    cHwDisp_SPFD5408Bspi::setPixel(unsigned short) 0x00001799   Thumb Code    16  lib.o(i._ZN20cHwDisp_SPFD5408Bspi8setPixelEt)
    cHwDisp_SPFD5408Bspi::writeCmd(unsigned short) 0x000017a9   Thumb Code    38  lib.o(i._ZN20cHwDisp_SPFD5408Bspi8writeCmdEt)
    cHwDisp_SPFD5408Bspi::writeDat(unsigned short) 0x000017d5   Thumb Code    38  lib.o(i._ZN20cHwDisp_SPFD5408Bspi8writeDatEt)
    cHwDisp_SPFD5408Bspi::writeReg(unsigned char, unsigned short) 0x00001801   Thumb Code    26  lib.o(i._ZN20cHwDisp_SPFD5408Bspi8writeRegEht)
    cHwDisp_SPFD5408Bspi::maxWindow()        0x0000181b   Thumb Code    60  lib.o(i._ZN20cHwDisp_SPFD5408Bspi9maxWindowEv)
    cHwDisp_SPFD5408Bspi::cHwDisp_SPFD5408Bspi(cHwSPImaster::Device&, cHwPort::Pin&, cHwDisplayFont, unsigned char) 0x00001859   Thumb Code    84  lib.o(i._ZN20cHwDisp_SPFD5408BspiC1ERN12cHwSPImaster6DeviceERN7cHwPort3PinE14cHwDisplayFonth)
    cHwDisp_SPFD5408Bspi::cHwDisp_SPFD5408Bspi__sub_object(cHwSPImaster::Device&, cHwPort::Pin&, cHwDisplayFont, unsigned char) 0x00001859   Thumb Code     0  lib.o(i._ZN20cHwDisp_SPFD5408BspiC1ERN12cHwSPImaster6DeviceERN7cHwPort3PinE14cHwDisplayFonth)
    cDevControlEncoderJoystick::getIncrement() 0x000018b1   Thumb Code   114  lib.o(i._ZN26cDevControlEncoderJoystick12getIncrementEv)
    cDevControlEncoderJoystick::cDevControlEncoderJoystick(cDevDigital*, cDevDigital*, cDevDigital*, cHwTimer*, unsigned short) 0x00001925   Thumb Code    86  lib.o(i._ZN26cDevControlEncoderJoystickC1EP11cDevDigitalS1_S1_P8cHwTimert)
    cDevControlEncoderJoystick::cDevControlEncoderJoystick__sub_object(cDevDigital*, cDevDigital*, cDevDigital*, cHwTimer*, unsigned short) 0x00001925   Thumb Code     0  lib.o(i._ZN26cDevControlEncoderJoystickC1EP11cDevDigitalS1_S1_P8cHwTimert)
    GUI::getInstance()                       0x00001981   Thumb Code    34  main.o(i._ZN3GUI11getInstanceEv)
    GUI::drawRect(Rect, unsigned short)      0x000019ad   Thumb Code    44  main.o(i._ZN3GUI8drawRectE4Rectt)
    Rect::Rect(int, int, int, int)           0x000019d9   Thumb Code    14  main.o(i._ZN4RectC1Eiiii)
    Rect::Rect__sub_object(int, int, int, int) 0x000019d9   Thumb Code     0  main.o(i._ZN4RectC1Eiiii)
    cList::add(cList::Item*)                 0x000019e7   Thumb Code    44  lib.o(i._ZN5cList3addEPNS_4ItemE)
    cList::Item::Item(cList*)                0x00001a15   Thumb Code    28  lib.o(i._ZN5cList4ItemC1EPS_)
    cList::Item::Item__sub_object(cList*)    0x00001a15   Thumb Code     0  lib.o(i._ZN5cList4ItemC1EPS_)
    cList::updateAll()                       0x00001a35   Thumb Code    24  lib.o(i._ZN5cList9updateAllEv)
    cList::cList()                           0x00001a4d   Thumb Code     6  lib.o(i._ZN5cListC1Ev)
    cList::cList__sub_object()               0x00001a4d   Thumb Code     0  lib.o(i._ZN5cListC1Ev)
    cHwADC::get(unsigned char)               0x00001a53   Thumb Code    40  lib.o(i._ZN6cHwADC3getEh)
    cHwADC::isr()                            0x00001a7b   Thumb Code    88  lib.o(i._ZN6cHwADC3isrEv)
    cHwADC::enable(unsigned char)            0x00001ad3   Thumb Code    62  lib.o(i._ZN6cHwADC6enableEh)
    cHwADC::update()                         0x00001b11   Thumb Code    52  lib.o(i._ZN6cHwADC6updateEv)
    cHwADC::cHwADC__sub_object(unsigned char, cHwTimer*) 0x00001b45   Thumb Code    78  lib.o(i._ZN6cHwADCC2EhP8cHwTimer)
    cHwPort::Pin::clr()                      0x00001b99   Thumb Code    16  lib.o(i._ZN7cHwPort3Pin3clrEv)
    cHwPort::Pin::get()                      0x00001ba9   Thumb Code    26  lib.o(i._ZN7cHwPort3Pin3getEv)
    cHwPort::Pin::set(bool)                  0x00001bc3   Thumb Code    32  lib.o(i._ZN7cHwPort3Pin3setEb)
    cHwPort::Pin::set()                      0x00001be3   Thumb Code    16  lib.o(i._ZN7cHwPort3Pin3setEv)
    cHwPort::Pin::setMode(cHwPort::Mode)     0x00001bf3   Thumb Code    20  lib.o(i._ZN7cHwPort3Pin7setModeENS_4ModeE)
    cHwPort::Pin::Pin(cHwPort&, unsigned char) 0x00001c09   Thumb Code    20  lib.o(i._ZN7cHwPort3PinC1ERS_h)
    cHwPort::Pin::Pin__sub_object(cHwPort&, unsigned char) 0x00001c09   Thumb Code     0  lib.o(i._ZN7cHwPort3PinC1ERS_h)
    cHwPort::cHwPort__sub_object()           0x00001c21   Thumb Code     6  lib.o(i._ZN7cHwPortC2Ev)
    cSystem::delayMicroSec(unsigned short)   0x00001c2d   Thumb Code    44  lib.o(i._ZN7cSystem13delayMicroSecEt)
    cSystem::delayMilliSec(unsigned short)   0x00001c5d   Thumb Code    24  lib.o(i._ZN7cSystem13delayMilliSecEt)
    cSystem::disableWatchdog()               0x00001c75   Thumb Code     2  lib.o(i._ZN7cSystem15disableWatchdogEv)
    cSystem::enableInterrupt()               0x00001c79   Thumb Code    28  lib.o(i._ZN7cSystem15enableInterruptEv)
    cSystem::disableInterrupt()              0x00001c99   Thumb Code    14  lib.o(i._ZN7cSystem16disableInterruptEv)
    cSystem::cSystem(unsigned char)          0x00001cad   Thumb Code    24  lib.o(i._ZN7cSystemC1Eh)
    cSystem::cSystem__sub_object(unsigned char) 0x00001cad   Thumb Code     0  lib.o(i._ZN7cSystemC1Eh)
    cHwADC_0::startCh(unsigned char)         0x00001cc5   Thumb Code    18  lib.o(i._ZN8cHwADC_07startChEh)
    cHwADC_0::configCh(unsigned char)        0x00001cdd   Thumb Code   108  lib.o(i._ZN8cHwADC_08configChEh)
    cHwADC_0::getResult()                    0x00001d49   Thumb Code    10  lib.o(i._ZN8cHwADC_09getResultEv)
    cHwADC_0::cHwADC_0(cHwTimer*)            0x00001d59   Thumb Code    78  lib.o(i._ZN8cHwADC_0C1EP8cHwTimer)
    cHwADC_0::cHwADC_0__sub_object(cHwTimer*) 0x00001d59   Thumb Code     0  lib.o(i._ZN8cHwADC_0C1EP8cHwTimer)
    cHwTimer::isrHandler()                   0x00001dc1   Thumb Code    14  lib.o(i._ZN8cHwTimer10isrHandlerEv)
    cHwTimer::getCycleTime()                 0x00001dcf   Thumb Code     6  lib.o(i._ZN8cHwTimer12getCycleTimeEv)
    cHwTimer::add(cList::Item*)              0x00001dd5   Thumb Code    18  lib.o(i._ZN8cHwTimer3addEPN5cList4ItemE)
    cHwUSB_0::isr()                          0x00001de9   Thumb Code   196  lib.o(i._ZN8cHwUSB_03isrEv)
    cHwUSB_0::WrCmd(unsigned)                0x00001ed1   Thumb Code    26  lib.o(i._ZN8cHwUSB_05WrCmdEj)
    cHwUSB_0::RdCmdDat(unsigned)             0x00001ef9   Thumb Code    32  lib.o(i._ZN8cHwUSB_08RdCmdDatEj)
    cHwPort_N::setPinMode(unsigned char, cHwPort::Mode) 0x00001f29   Thumb Code    40  lib.o(i._ZN9cHwPort_N10setPinModeEhN7cHwPort4ModeE)
    cHwPort_N::clr(unsigned)                 0x00001f51   Thumb Code     6  lib.o(i._ZN9cHwPort_N3clrEj)
    cHwPort_N::get()                         0x00001f57   Thumb Code     8  lib.o(i._ZN9cHwPort_N3getEv)
    cHwPort_N::set(unsigned)                 0x00001f5f   Thumb Code     6  lib.o(i._ZN9cHwPort_N3setEj)
    cHwPort_N::cHwPort_N(cHwPort_N::PortId)  0x00001f65   Thumb Code    78  lib.o(i._ZN9cHwPort_NC1ENS_6PortIdE)
    cHwPort_N::cHwPort_N__sub_object(cHwPort_N::PortId) 0x00001f65   Thumb Code     0  lib.o(i._ZN9cHwPort_NC1ENS_6PortIdE)
    operator new[] (unsigned)                0x00001fbd   Thumb Code    12  lib.o(i._Znaj)
    __ARM_fpclassifyf                        0x00001fc9   Thumb Code    38  fpclassifyf.o(i.__ARM_fpclassifyf)
    __cxa_guard_acquire                      0x00001fef   Thumb Code    16  cxa_guard_acquire.o(i.__cxa_guard_acquire)
    __cxa_pure_virtual                       0x00001fff   Thumb Code     4  lib.o(i.__cxa_pure_virtual)
    __mathlib_flt_underflow                  0x00002003   Thumb Code    10  funder.o(i.__mathlib_flt_underflow)
    __mathlib_expf                           0x00002155   Thumb Code     0  expf.o(i.expf)
    expf                                     0x00002155   Thumb Code   324  expf.o(i.expf)
    main                                     0x000022c5   Thumb Code   456  main.o(i.main)
    sqrt                                     0x000024bd   Thumb Code    76  sqrt.o(i.sqrt)
    cFifo<cDevControlEncoder::tEvent>::isFull() 0x00002509   Thumb Code    32  lib.o(t._ZN5cFifoIN18cDevControlEncoder6tEventEE6isFullEv)
    cFifo<cDevControlEncoder::tEvent>::operator <<(const cDevControlEncoder::tEvent&) 0x00002529   Thumb Code    64  lib.o(t._ZN5cFifoIN18cDevControlEncoder6tEventEElsERKS1_)
    __aeabi_d2f                              0x00002569   Thumb Code     0  d2f.o(x$fpl$d2f)
    _d2f                                     0x00002569   Thumb Code    98  d2f.o(x$fpl$d2f)
    __aeabi_dadd                             0x000025cd   Thumb Code     0  daddsub_clz.o(x$fpl$dadd)
    _dadd                                    0x000025cd   Thumb Code   332  daddsub_clz.o(x$fpl$dadd)
    __aeabi_ddiv                             0x0000271d   Thumb Code     0  ddiv.o(x$fpl$ddiv)
    _ddiv                                    0x0000271d   Thumb Code   552  ddiv.o(x$fpl$ddiv)
    __aeabi_d2uiz                            0x000029cd   Thumb Code     0  dfixu.o(x$fpl$dfixu)
    _dfixu                                   0x000029cd   Thumb Code    90  dfixu.o(x$fpl$dfixu)
    __aeabi_i2d                              0x00002a27   Thumb Code     0  dflt_clz.o(x$fpl$dflt)
    _dflt                                    0x00002a27   Thumb Code    46  dflt_clz.o(x$fpl$dflt)
    __aeabi_ui2d                             0x00002a55   Thumb Code     0  dflt_clz.o(x$fpl$dfltu)
    _dfltu                                   0x00002a55   Thumb Code    38  dflt_clz.o(x$fpl$dfltu)
    __aeabi_dmul                             0x00002a7d   Thumb Code     0  dmul.o(x$fpl$dmul)
    _dmul                                    0x00002a7d   Thumb Code   332  dmul.o(x$fpl$dmul)
    __fpl_dnaninf                            0x00002bd1   Thumb Code   156  dnaninf.o(x$fpl$dnaninf)
    __fpl_dretinf                            0x00002c6d   Thumb Code    12  dretinf.o(x$fpl$dretinf)
    _dsqrt                                   0x00002c79   Thumb Code   456  dsqrt_noumaal.o(x$fpl$dsqrt)
    __aeabi_dsub                             0x00002e45   Thumb Code     0  daddsub_clz.o(x$fpl$dsub)
    _dsub                                    0x00002e45   Thumb Code   464  daddsub_clz.o(x$fpl$dsub)
    __aeabi_f2d                              0x00003019   Thumb Code     0  f2d.o(x$fpl$f2d)
    _f2d                                     0x00003019   Thumb Code    86  f2d.o(x$fpl$f2d)
    __aeabi_fadd                             0x00003071   Thumb Code     0  faddsub_clz.o(x$fpl$fadd)
    _fadd                                    0x00003071   Thumb Code   196  faddsub_clz.o(x$fpl$fadd)
    __fpl_fcheck_NaN1                        0x00003135   Thumb Code     6  fcheck1.o(x$fpl$fcheck1)
    __fpl_fcmp_Inf                           0x00003141   Thumb Code    24  fcmpi.o(x$fpl$fcmpinf)
    __aeabi_fdiv                             0x00003159   Thumb Code     0  fdiv.o(x$fpl$fdiv)
    _fdiv                                    0x00003159   Thumb Code   384  fdiv.o(x$fpl$fdiv)
    __aeabi_f2iz                             0x000032dd   Thumb Code     0  ffix.o(x$fpl$ffix)
    _ffix                                    0x000032dd   Thumb Code    54  ffix.o(x$fpl$ffix)
    __aeabi_f2uiz                            0x00003315   Thumb Code     0  ffixu.o(x$fpl$ffixu)
    _ffixu                                   0x00003315   Thumb Code    62  ffixu.o(x$fpl$ffixu)
    __aeabi_i2f                              0x00003355   Thumb Code     0  fflt_clz.o(x$fpl$fflt)
    _fflt                                    0x00003355   Thumb Code    48  fflt_clz.o(x$fpl$fflt)
    __aeabi_ui2f                             0x00003385   Thumb Code     0  fflt_clz.o(x$fpl$ffltu)
    _ffltu                                   0x00003385   Thumb Code    38  fflt_clz.o(x$fpl$ffltu)
    __aeabi_cfcmple                          0x000033ad   Thumb Code     0  fleqf.o(x$fpl$fleqf)
    _fcmple                                  0x000033ad   Thumb Code   104  fleqf.o(x$fpl$fleqf)
    __fpl_fcmple_InfNaN                      0x000033ff   Thumb Code     0  fleqf.o(x$fpl$fleqf)
    __aeabi_fmul                             0x00003415   Thumb Code     0  fmul.o(x$fpl$fmul)
    _fmul                                    0x00003415   Thumb Code   258  fmul.o(x$fpl$fmul)
    __fpl_fnaninf                            0x00003517   Thumb Code   140  fnaninf.o(x$fpl$fnaninf)
    __fpl_fretinf                            0x000035a3   Thumb Code    10  fretinf.o(x$fpl$fretinf)
    __aeabi_cfrcmple                         0x000035ad   Thumb Code     0  frleqf.o(x$fpl$frleqf)
    _frcmple                                 0x000035ad   Thumb Code    98  frleqf.o(x$fpl$frleqf)
    _frnd                                    0x00003611   Thumb Code    96  frnd.o(x$fpl$frnd)
    __aeabi_frsub                            0x00003671   Thumb Code     0  faddsub_clz.o(x$fpl$frsb)
    _frsb                                    0x00003671   Thumb Code    20  faddsub_clz.o(x$fpl$frsb)
    __aeabi_fsub                             0x00003685   Thumb Code     0  faddsub_clz.o(x$fpl$fsub)
    _fsub                                    0x00003685   Thumb Code   234  faddsub_clz.o(x$fpl$fsub)
    __fpl_return_NaN                         0x0000376f   Thumb Code   100  retnan.o(x$fpl$retnan)
    __ARM_scalbnf                            0x000037d3   Thumb Code    76  scalbnf.o(x$fpl$scalbnf)
    __fpl_cmpreturn                          0x0000381f   Thumb Code    48  trapv.o(x$fpl$trapveneer)
    __I$use$fp                               0x0000384e   Number         0  usenofp.o(x$fpl$usenofp)
    vtable for cHwDisplay                    0x00003d04   Data          28  lib.o(.constdata__ZTV10cHwDisplay)
    vtable for cHwTimer_N                    0x00003d20   Data          28  lib.o(.constdata__ZTV10cHwTimer_N)
    vtable for cDevDigital                   0x00003d3c   Data          68  lib.o(.constdata__ZTV11cDevDigital)
    vtable for cDevDisplay                   0x00003d80   Data          16  lib.o(.constdata__ZTV11cDevDisplay)
    vtable for TimerHandler                  0x00003d90   Data          12  main.o(.constdata__ZTV12TimerHandler)
    vtable for cHwSPImaster                  0x00003d9c   Data          16  lib.o(.constdata__ZTV12cHwSPImaster)
    vtable for cHwSPImaster_1                0x00003dac   Data          16  lib.o(.constdata__ZTV14cHwSPImaster_1)
    vtable for cDevDisplayChar               0x00003dbc   Data          20  lib.o(.constdata__ZTV15cDevDisplayChar)
    vtable for cHwDisplayGraphic             0x00003dd0   Data          80  lib.o(.constdata__ZTV17cHwDisplayGraphic)
    vtable for cDevControlEncoder            0x00003e20   Data          20  lib.o(.constdata__ZTV18cDevControlEncoder)
    vtable for cDevDisplayGraphic            0x00003e34   Data          68  lib.o(.constdata__ZTV18cDevDisplayGraphic)
    vtable for cHwDisp_SPFD5408Bspi          0x00003e78   Data          80  lib.o(.constdata__ZTV20cHwDisp_SPFD5408Bspi)
    vtable for cDevControlEncoderJoystick    0x00003ec8   Data          20  lib.o(.constdata__ZTV26cDevControlEncoderJoystick)
    vtable for cHwADC                        0x00003edc   Data          40  lib.o(.constdata__ZTV6cHwADC)
    vtable for cHwPort                       0x00003f04   Data          32  lib.o(.constdata__ZTV7cHwPort)
    vtable for cHwADC_0                      0x00003f24   Data          40  lib.o(.constdata__ZTV8cHwADC_0)
    vtable for cHwTimer                      0x00003f4c   Data          28  lib.o(.constdata__ZTV8cHwTimer)
    vtable for cHwPort_N                     0x00003f68   Data          32  lib.o(.constdata__ZTV9cHwPort_N)
    vtable for cHwSPImaster::Device          0x00003f88   Data          44  lib.o(.constdata__ZTVN12cHwSPImaster6DeviceE)
    vtable for cList::Item                   0x00003fb4   Data          12  lib.o(.constdata__ZTVN5cList4ItemE)
    vtable for cHwPort::Pin                  0x00003fc0   Data          28  lib.o(.constdata__ZTVN7cHwPort3PinE)
    Region$$Table$$Base                      0x00003fdc   Number         0  anon$$obj.o(Region$$Table)
    Region$$Table$$Limit                     0x00003ffc   Number         0  anon$$obj.o(Region$$Table)
    SHT$$INIT_ARRAY$$Base                    0x00003ffc   Number         0  main.o(.init_array)
    SHT$$INIT_ARRAY$$Limit                   0x00004004   Number         0  gui.o(.init_array)
    SystemFrequency                          0x10000000   Data           4  lib.o(.data)
    tcnt                                     0x10000004   Data           4  lib.o(.data)
    fcnt                                     0x10000008   Data           4  lib.o(.data)
    cSystem::cntInterrupt                    0x1000000c   Data           1  lib.o(.data)
    cHwRTOS_MCU::schedule                    0x10000010   Data           4  lib.o(.data)
    cHwRTOS_MCU::sysTic                      0x10000014   Data           4  lib.o(.data)
    cHwRTOS_MCU::sysTicTime                  0x10000018   Data           4  lib.o(.data)
    cHwADC_0::adcPtr                         0x1000001c   Data           4  lib.o(.data)
    cHwTimer_N::timerPtr_0                   0x10000020   Data           4  lib.o(.data)
    cHwTimer_N::timerPtr_1                   0x10000024   Data           4  lib.o(.data)
    cHwTimer_N::timerPtr_2                   0x10000028   Data           4  lib.o(.data)
    cHwTimer_N::timerPtr_3                   0x1000002c   Data           4  lib.o(.data)
    cHwTimer_N::timerPtr_PWM                 0x10000030   Data           4  lib.o(.data)
    cHwUART_N::uartPtr_0                     0x10000034   Data           4  lib.o(.data)
    cHwUART_N::uartPtr_1                     0x10000038   Data           4  lib.o(.data)
    cHwUART_N::uartPtr_3                     0x1000003c   Data           4  lib.o(.data)
    cHwUSB_0::usbPtr                         0x10000040   Data           4  lib.o(.data)
    cIdx                                     0x1000004c   Data           4  lib.o(.data)
    pIdx                                     0x10000050   Data           4  lib.o(.data)
    adc                                      0x10000054   Data           4  main.o(.data)
    max                                      0x10000058   Data           4  main.o(.data)
    min                                      0x1000005c   Data           4  main.o(.data)
    cHwPinConfig::table                      0x10000060   Data          80  main.o(.data)
    sys                                      0x100000b0   Data           1  main.o(.data)
    port0                                    0x100000b4   Data           8  main.o(.data)
    port1                                    0x100000bc   Data           8  main.o(.data)
    port4                                    0x100000c4   Data           8  main.o(.data)
    spi1                                     0x100000cc   Data           4  main.o(.data)
    disp                                     0x100000d0   Data           8  main.o(.data)
    currentValueX                            0x100000d8   Data           4  main.o(.data)
    guard variable for GUI::getInstance()::instance 0x100000dc   Data           4  main.o(.data__ZZN3GUI11getInstanceEvE8instance)
    GUI::getInstance()::instance             0x100000e0   Data           4  main.o(.data__ZZN3GUI11getInstanceEvE8instance)
    timer                                    0x100000e8   Data          24  main.o(.bss)
    timerPWM                                 0x10000100   Data          24  main.o(.bss)
    adc0                                     0x10000118   Data          36  main.o(.bss)
    spiDisplay                               0x1000013c   Data          24  main.o(.bss)
    pinBackLight                             0x10000154   Data          16  main.o(.bss)
    dispHw                                   0x10000164   Data          60  main.o(.bss)
    btnRight                                 0x100001a0   Data          24  main.o(.bss)
    btnLeft                                  0x100001b8   Data          24  main.o(.bss)
    btnCtrl                                  0x100001d0   Data          24  main.o(.bss)
    enc                                      0x100001e8   Data          32  main.o(.bss)
    led                                      0x10000208   Data          24  main.o(.bss)
    pixels                                   0x10000220   Data        1280  main.o(.bss)
    scratchX                                 0x10000720   Data          56  main.o(.bss)
    scratchY                                 0x10000758   Data          56  main.o(.bss)
    handler                                  0x10000790   Data         552  main.o(.bss)
    GUI::screenRect                          0x100009b8   Data          16  gui.o(.bss)
    __libspace_start                         0x100009c8   Data          96  libspace.o(.bss)
    __temporary_stack_top$libspace           0x10000a28   Data           0  libspace.o(.bss)



==============================================================================

Memory Map of the image

  Image Entry point : 0x00000175

  Load Region LR_1 (Base: 0x00000000, Size: 0x000040e8, Max: 0xffffffff, ABSOLUTE)

    Execution Region ER_RO (Base: 0x00000000, Size: 0x00004004, Max: 0xffffffff, ABSOLUTE)

    Base Addr    Size         Type   Attr      Idx    E Section Name        Object

    0x00000000   0x000000cc   Data   RO            3    RESET               startup_lpc17xx.o
    0x000000cc   0x00000008   Code   RO         6076  * !!!main             c_w.l(__main.o)
    0x000000d4   0x00000034   Code   RO         6666    !!!scatter          c_w.l(__scatter.o)
    0x00000108   0x0000001a   Code   RO         6668    !!handler_copy      c_w.l(__scatter_copy.o)
    0x00000122   0x00000002   PAD
    0x00000124   0x0000001c   Code   RO         6670    !!handler_zi        c_w.l(__scatter_zi.o)
    0x00000140   0x00000002   Code   RO         6603    .ARM.Collect$$libinit$$00000000  c_w.l(libinit.o)
    0x00000142   0x00000000   Code   RO         6389    .ARM.Collect$$libinit$$00000002  c_w.l(libinit2.o)
    0x00000142   0x00000008   Code   RO         6390    .ARM.Collect$$libinit$$00000003  c_w.l(libinit2.o)
    0x0000014a   0x00000000   Code   RO         6392    .ARM.Collect$$libinit$$00000008  c_w.l(libinit2.o)
    0x0000014a   0x00000000   Code   RO         6394    .ARM.Collect$$libinit$$0000000A  c_w.l(libinit2.o)
    0x0000014a   0x00000000   Code   RO         6396    .ARM.Collect$$libinit$$0000000C  c_w.l(libinit2.o)
    0x0000014a   0x00000000   Code   RO         6399    .ARM.Collect$$libinit$$0000000F  c_w.l(libinit2.o)
    0x0000014a   0x00000000   Code   RO         6401    .ARM.Collect$$libinit$$00000011  c_w.l(libinit2.o)
    0x0000014a   0x00000000   Code   RO         6403    .ARM.Collect$$libinit$$00000013  c_w.l(libinit2.o)
    0x0000014a   0x00000000   Code   RO         6405    .ARM.Collect$$libinit$$00000015  c_w.l(libinit2.o)
    0x0000014a   0x00000000   Code   RO         6407    .ARM.Collect$$libinit$$00000017  c_w.l(libinit2.o)
    0x0000014a   0x00000000   Code   RO         6409    .ARM.Collect$$libinit$$00000019  c_w.l(libinit2.o)
    0x0000014a   0x00000000   Code   RO         6411    .ARM.Collect$$libinit$$0000001B  c_w.l(libinit2.o)
    0x0000014a   0x00000000   Code   RO         6413    .ARM.Collect$$libinit$$0000001D  c_w.l(libinit2.o)
    0x0000014a   0x00000000   Code   RO         6415    .ARM.Collect$$libinit$$0000001F  c_w.l(libinit2.o)
    0x0000014a   0x00000000   Code   RO         6417    .ARM.Collect$$libinit$$00000021  c_w.l(libinit2.o)
    0x0000014a   0x00000000   Code   RO         6419    .ARM.Collect$$libinit$$00000023  c_w.l(libinit2.o)
    0x0000014a   0x00000000   Code   RO         6423    .ARM.Collect$$libinit$$0000002A  c_w.l(libinit2.o)
    0x0000014a   0x00000000   Code   RO         6425    .ARM.Collect$$libinit$$0000002C  c_w.l(libinit2.o)
    0x0000014a   0x00000000   Code   RO         6427    .ARM.Collect$$libinit$$0000002E  c_w.l(libinit2.o)
    0x0000014a   0x00000004   Code   RO         6428    .ARM.Collect$$libinit$$0000002F  c_w.l(libinit2.o)
    0x0000014e   0x00000000   Code   RO         6429    .ARM.Collect$$libinit$$00000030  c_w.l(libinit2.o)
    0x0000014e   0x00000002   Code   RO         6430    .ARM.Collect$$libinit$$00000031  c_w.l(libinit2.o)
    0x00000150   0x00000002   Code   RO         6663    .ARM.Collect$$libshutdown$$00000000  c_w.l(libshutdown.o)
    0x00000152   0x00000000   Code   RO         6627    .ARM.Collect$$libshutdown$$00000003  c_w.l(libshutdown2.o)
    0x00000152   0x00000000   Code   RO         6630    .ARM.Collect$$libshutdown$$00000006  c_w.l(libshutdown2.o)
    0x00000152   0x00000000   Code   RO         6633    .ARM.Collect$$libshutdown$$00000009  c_w.l(libshutdown2.o)
    0x00000152   0x00000000   Code   RO         6635    .ARM.Collect$$libshutdown$$0000000B  c_w.l(libshutdown2.o)
    0x00000152   0x00000000   Code   RO         6638    .ARM.Collect$$libshutdown$$0000000E  c_w.l(libshutdown2.o)
    0x00000152   0x00000002   Code   RO         6639    .ARM.Collect$$libshutdown$$0000000F  c_w.l(libshutdown2.o)
    0x00000154   0x00000000   Code   RO         6278    .ARM.Collect$$rtentry$$00000000  c_w.l(rtentry.o)
    0x00000154   0x00000000   Code   RO         6479    .ARM.Collect$$rtentry$$00000002  c_w.l(rtentry2.o)
    0x00000154   0x00000006   Code   RO         6491    .ARM.Collect$$rtentry$$00000004  c_w.l(rtentry4.o)
    0x0000015a   0x00000000   Code   RO         6481    .ARM.Collect$$rtentry$$00000009  c_w.l(rtentry2.o)
    0x0000015a   0x00000004   Code   RO         6482    .ARM.Collect$$rtentry$$0000000A  c_w.l(rtentry2.o)
    0x0000015e   0x00000000   Code   RO         6484    .ARM.Collect$$rtentry$$0000000C  c_w.l(rtentry2.o)
    0x0000015e   0x00000008   Code   RO         6485    .ARM.Collect$$rtentry$$0000000D  c_w.l(rtentry2.o)
    0x00000166   0x00000002   Code   RO         6610    .ARM.Collect$$rtexit$$00000000  c_w.l(rtexit.o)
    0x00000168   0x00000000   Code   RO         6643    .ARM.Collect$$rtexit$$00000002  c_w.l(rtexit2.o)
    0x00000168   0x00000004   Code   RO         6644    .ARM.Collect$$rtexit$$00000003  c_w.l(rtexit2.o)
    0x0000016c   0x00000006   Code   RO         6645    .ARM.Collect$$rtexit$$00000004  c_w.l(rtexit2.o)
    0x00000172   0x00000002   PAD
    0x00000174   0x00000000   Code   RO         6504    .emb_text           c_w.l(maybetermalloc1.o)
    0x00000174   0x00000038   Code   RO            5  * .text               startup_lpc17xx.o
    0x000001ac   0x00000020   Code   RO           13    .text               rtos_asm.o
    0x000001cc   0x0000005e   Code   RO         5966    .text               c_w.l(h1_alloc.o)
    0x0000022a   0x0000004e   Code   RO         5968    .text               c_w.l(h1_free.o)
    0x00000278   0x00000010   Code   RO         6062    .text               c_w.l(abort.o)
    0x00000288   0x00000006   Code   RO         6074    .text               c_w.l(heapauxi.o)
    0x0000028e   0x00000002   PAD
    0x00000290   0x00000024   Code   RO         6081    .text               c_w.l(init_aeabi.o)
    0x000002b4   0x0000000c   Code   RO         6274    .text               c_w.l(sys_exit.o)
    0x000002c0   0x00000008   Code   RO         6286    .text               c_w.l(rt_heap_descriptor_intlibspace.o)
    0x000002c8   0x00000004   Code   RO         6288    .text               c_w.l(hguard.o)
    0x000002cc   0x0000000e   Code   RO         6294    .text               c_w.l(h1_init.o)
    0x000002da   0x00000016   Code   RO         6308    .text               c_w.l(_rserrno.o)
    0x000002f0   0x00000008   Code   RO         6472    .text               c_w.l(libspace.o)
    0x000002f8   0x00000002   Code   RO         6475    .text               c_w.l(use_no_semi.o)
    0x000002fa   0x00000000   Code   RO         6477    .text               c_w.l(indicate_semi.o)
    0x000002fa   0x00000002   Code   RO         4082    i._ZN5cList4Item6updateEv  lib.o
    0x000002fc   0x00000004   Code   RO            4    .ARM.__at_0x02FC    startup_lpc17xx.o
    0x00000300   0x0000008a   Code   RO         6290    .text               c_w.l(init_alloc.o)
    0x0000038a   0x0000000e   Code   RO         6378    .text               c_w.l(defsig_abrt_outer.o)
    0x00000398   0x00000008   Code   RO         6500    .text               c_w.l(rt_errno_addr_intlibspace.o)
    0x000003a0   0x00000034   Code   RO         6506    .text               c_w.l(h1_extend.o)
    0x000003d4   0x0000000a   Code   RO         6522    .text               c_w.l(defsig_exit.o)
    0x000003de   0x00000002   PAD
    0x000003e0   0x00000030   Code   RO         6524    .text               c_w.l(defsig_abrt_inner.o)
    0x00000410   0x0000000e   Code   RO         6526    .text               c_w.l(defsig_rtmem_outer.o)
    0x0000041e   0x0000004a   Code   RO         6541    .text               c_w.l(sys_stackheap_outer.o)
    0x00000468   0x0000000c   Code   RO         6582    .text               c_w.l(exit.o)
    0x00000474   0x00000032   Code   RO         6586    .text               c_w.l(defsig_general.o)
    0x000004a6   0x00000002   PAD
    0x000004a8   0x00000050   Code   RO         6592    .text               c_w.l(defsig_rtmem_inner.o)
    0x000004f8   0x0000000e   Code   RO         6608    .text               c_w.l(sys_wrch.o)
    0x00000506   0x00000002   PAD
    0x00000508   0x00000024   Code   RO           19    i.ADC_IRQHandler    lib.o
    0x0000052c   0x00000010   Code   RO           20    i.PWM1_IRQHandler   lib.o
    0x0000053c   0x0000002c   Code   RO           21    i.PendSV_Handler    lib.o
    0x00000568   0x0000003c   Code   RO           22    i.SysTick_Handler   lib.o
    0x000005a4   0x00000268   Code   RO           23    i.SystemInit        lib.o
    0x0000080c   0x00000010   Code   RO           24    i.TIMER0_IRQHandler  lib.o
    0x0000081c   0x00000010   Code   RO           25    i.TIMER1_IRQHandler  lib.o
    0x0000082c   0x00000010   Code   RO           26    i.TIMER2_IRQHandler  lib.o
    0x0000083c   0x00000010   Code   RO           27    i.TIMER3_IRQHandler  lib.o
    0x0000084c   0x00000018   Code   RO           28    i.UART0_IRQHandler  lib.o
    0x00000864   0x00000018   Code   RO           29    i.UART1_IRQHandler  lib.o
    0x0000087c   0x00000018   Code   RO           30    i.UART3_IRQHandler  lib.o
    0x00000894   0x00000010   Code   RO           31    i.USB_IRQHandler    lib.o
    0x000008a4   0x00000118   Code   RO         5425    i._Z12displayValuefiii  main.o
    0x000009bc   0x00000018   Code   RO           32    i._Z14NVIC_EnableIRQ4IRQn  lib.o
    0x000009d4   0x000002ec   Code   RO         5426    i._Z3FFTslPdS_      main.o
    0x00000cc0   0x00000010   Code   RO           49    i._ZN10cHwDisplayC2Ehh  lib.o
    0x00000cd0   0x00000028   Code   RO           50    i._ZN10cHwTimer_N3isrEv  lib.o
    0x00000cf8   0x0000017c   Code   RO           53    i._ZN10cHwTimer_NC1ENS_7TimerIdEj  lib.o
    0x00000e74   0x00000012   Code   RO         3770    i._ZN11cDevDigital10isReleasedEv  lib.o
    0x00000e86   0x00000012   Code   RO         3776    i._ZN11cDevDigital11isActivatedEv  lib.o
    0x00000e98   0x0000001a   Code   RO           67    i._ZN11cDevDigital3getEv  lib.o
    0x00000eb2   0x00000006   Code   RO         3758    i._ZN11cDevDigital5isSetEv  lib.o
    0x00000eb8   0x00000014   Code   RO         3751    i._ZN11cDevDigital6updateEv  lib.o
    0x00000ecc   0x0000004c   Code   RO           70    i._ZN11cDevDigitalC1ER7cHwPorthNS_4ModeEb  lib.o
    0x00000f18   0x0000000c   Code   RO           71    i._ZN11cDevDisplayC2Ev  lib.o
    0x00000f24   0x000000b8   Code   RO         5501    i._ZN12TimerHandler6updateEv  main.o
    0x00000fdc   0x0000007c   Code   RO         5490    i._ZN12TimerHandlerC1Ev  main.o
    0x00001058   0x00000104   Code   RO           98    i._ZN12cHwPinConfig3setENS_8FunctionEj  lib.o
    0x0000115c   0x0000000e   Code   RO         3352    i._ZN12cHwSPImaster6Device4stopEv  lib.o
    0x0000116a   0x0000000e   Code   RO         3346    i._ZN12cHwSPImaster6Device5startEv  lib.o
    0x00001178   0x00000038   Code   RO         3002    i._ZN12cHwSPImaster6Device5writeEPht  lib.o
    0x000011b0   0x00000028   Code   RO         3023    i._ZN12cHwSPImaster6DeviceC1ERKS0_  lib.o
    0x000011d8   0x0000004c   Code   RO         5483    i._ZN12cHwSPImaster6DeviceC1ERS_R7cHwPorth  main.o
    0x00001224   0x0000000c   Code   RO          101    i._ZN12cHwSPImasterC2Ev  lib.o
    0x00001230   0x0000000a   Code   RO          138    i._ZN14cHwDisplayFontC1EPK24cHwDisplayFontPropertiesPKh  lib.o
    0x0000123a   0x00000002   PAD
    0x0000123c   0x00000038   Code   RO          149    i._ZN14cHwSPImaster_114transceiveByteEh  lib.o
    0x00001274   0x0000009c   Code   RO          151    i._ZN14cHwSPImaster_1C1EN12cHwSPImaster4MODEENS0_11ClockPolPhaE  lib.o
    0x00001310   0x00000024   Code   RO          173    i._ZN15cDevDisplayCharC1ER10cHwDisplay  lib.o
    0x00001334   0x0000004a   Code   RO          245    i._ZN17cHwDisplayGraphic12putRectangleEtttt  lib.o
    0x0000137e   0x00000004   Code   RO          248    i._ZN17cHwDisplayGraphic13setPaintColorEt  lib.o
    0x00001382   0x00000002   PAD
    0x00001384   0x00000044   Code   RO          254    i._ZN17cHwDisplayGraphicC2E14cHwDisplayFonth  lib.o
    0x000013c8   0x00000086   Code   RO          267    i._ZN18cDevControlEncoder6updateEv  lib.o
    0x0000144e   0x00000030   Code   RO          268    i._ZN18cDevControlEncoder7getCtrlEv  lib.o
    0x0000147e   0x00000002   PAD
    0x00001480   0x00000058   Code   RO          269    i._ZN18cDevControlEncoderC2EP11cDevDigitalP8cHwTimer  lib.o
    0x000014d8   0x00000032   Code   RO          276    i._ZN18cDevDisplayGraphic13drawRectangleEttttt  lib.o
    0x0000150a   0x0000000e   Code   RO          278    i._ZN18cDevDisplayGraphic5clearEv  lib.o
    0x00001518   0x00000024   Code   RO          287    i._ZN18cDevDisplayGraphicC1ER17cHwDisplayGraphic  lib.o
    0x0000153c   0x000001b6   Code   RO          300    i._ZN20cHwDisp_SPFD5408Bspi4initEv  lib.o
    0x000016f2   0x0000003e   Code   RO          301    i._ZN20cHwDisp_SPFD5408Bspi5clearEv  lib.o
    0x00001730   0x00000068   Code   RO         3563    i._ZN20cHwDisp_SPFD5408Bspi7setAreaEtttt  lib.o
    0x00001798   0x00000010   Code   RO         3575    i._ZN20cHwDisp_SPFD5408Bspi8setPixelEt  lib.o
    0x000017a8   0x0000002c   Code   RO         3110    i._ZN20cHwDisp_SPFD5408Bspi8writeCmdEt  lib.o
    0x000017d4   0x0000002c   Code   RO         3104    i._ZN20cHwDisp_SPFD5408Bspi8writeDatEt  lib.o
    0x00001800   0x0000001a   Code   RO         3557    i._ZN20cHwDisp_SPFD5408Bspi8writeRegEht  lib.o
    0x0000181a   0x0000003c   Code   RO         3116    i._ZN20cHwDisp_SPFD5408Bspi9maxWindowEv  lib.o
    0x00001856   0x00000002   PAD
    0x00001858   0x00000058   Code   RO          302    i._ZN20cHwDisp_SPFD5408BspiC1ERN12cHwSPImaster6DeviceERN7cHwPort3PinE14cHwDisplayFonth  lib.o
    0x000018b0   0x00000072   Code   RO          322    i._ZN26cDevControlEncoderJoystick12getIncrementEv  lib.o
    0x00001922   0x00000002   PAD
    0x00001924   0x0000005c   Code   RO          323    i._ZN26cDevControlEncoderJoystickC1EP11cDevDigitalS1_S1_P8cHwTimert  lib.o
    0x00001980   0x0000002c   Code   RO         5470    i._ZN3GUI11getInstanceEv  main.o
    0x000019ac   0x0000002c   Code   RO         5476    i._ZN3GUI8drawRectE4Rectt  main.o
    0x000019d8   0x0000000e   Code   RO         5464    i._ZN4RectC1Eiiii   main.o
    0x000019e6   0x0000002c   Code   RO          330    i._ZN5cList3addEPNS_4ItemE  lib.o
    0x00001a12   0x00000002   PAD
    0x00001a14   0x00000020   Code   RO          333    i._ZN5cList4ItemC1EPS_  lib.o
    0x00001a34   0x00000018   Code   RO          335    i._ZN5cList9updateAllEv  lib.o
    0x00001a4c   0x00000006   Code   RO          336    i._ZN5cListC1Ev     lib.o
    0x00001a52   0x00000028   Code   RO         3203    i._ZN6cHwADC3getEh  lib.o
    0x00001a7a   0x00000058   Code   RO         3222    i._ZN6cHwADC3isrEv  lib.o
    0x00001ad2   0x0000003e   Code   RO          338    i._ZN6cHwADC6enableEh  lib.o
    0x00001b10   0x00000034   Code   RO         3215    i._ZN6cHwADC6updateEv  lib.o
    0x00001b44   0x00000054   Code   RO          339    i._ZN6cHwADCC2EhP8cHwTimer  lib.o
    0x00001b98   0x00000010   Code   RO         3855    i._ZN7cHwPort3Pin3clrEv  lib.o
    0x00001ba8   0x0000001a   Code   RO         2982    i._ZN7cHwPort3Pin3getEv  lib.o
    0x00001bc2   0x00000020   Code   RO         2975    i._ZN7cHwPort3Pin3setEb  lib.o
    0x00001be2   0x00000010   Code   RO         3848    i._ZN7cHwPort3Pin3setEv  lib.o
    0x00001bf2   0x00000014   Code   RO         2968    i._ZN7cHwPort3Pin7setModeENS_4ModeE  lib.o
    0x00001c06   0x00000002   PAD
    0x00001c08   0x00000018   Code   RO          355    i._ZN7cHwPort3PinC1ERS_h  lib.o
    0x00001c20   0x0000000c   Code   RO         3271    i._ZN7cHwPortC2Ev   lib.o
    0x00001c2c   0x00000030   Code   RO          403    i._ZN7cSystem13delayMicroSecEt  lib.o
    0x00001c5c   0x00000018   Code   RO          404    i._ZN7cSystem13delayMilliSecEt  lib.o
    0x00001c74   0x00000002   Code   RO          406    i._ZN7cSystem15disableWatchdogEv  lib.o
    0x00001c76   0x00000002   PAD
    0x00001c78   0x00000020   Code   RO          407    i._ZN7cSystem15enableInterruptEv  lib.o
    0x00001c98   0x00000014   Code   RO          408    i._ZN7cSystem16disableInterruptEv  lib.o
    0x00001cac   0x00000018   Code   RO          413    i._ZN7cSystemC1Eh   lib.o
    0x00001cc4   0x00000018   Code   RO         3235    i._ZN8cHwADC_07startChEh  lib.o
    0x00001cdc   0x0000006c   Code   RO          414    i._ZN8cHwADC_08configChEh  lib.o
    0x00001d48   0x00000010   Code   RO         3229    i._ZN8cHwADC_09getResultEv  lib.o
    0x00001d58   0x00000068   Code   RO          415    i._ZN8cHwADC_0C1EP8cHwTimer  lib.o
    0x00001dc0   0x0000000e   Code   RO         3197    i._ZN8cHwTimer10isrHandlerEv  lib.o
    0x00001dce   0x00000006   Code   RO          420    i._ZN8cHwTimer12getCycleTimeEv  lib.o
    0x00001dd4   0x00000012   Code   RO          421    i._ZN8cHwTimer3addEPN5cList4ItemE  lib.o
    0x00001de6   0x00000002   PAD
    0x00001de8   0x000000e8   Code   RO         2954    i._ZN8cHwUSB_03isrEv  lib.o
    0x00001ed0   0x00000028   Code   RO          426    i._ZN8cHwUSB_05WrCmdEj  lib.o
    0x00001ef8   0x00000030   Code   RO          431    i._ZN8cHwUSB_08RdCmdDatEj  lib.o
    0x00001f28   0x00000028   Code   RO          444    i._ZN9cHwPort_N10setPinModeEhN7cHwPort4ModeE  lib.o
    0x00001f50   0x00000006   Code   RO         3334    i._ZN9cHwPort_N3clrEj  lib.o
    0x00001f56   0x00000008   Code   RO         3340    i._ZN9cHwPort_N3getEv  lib.o
    0x00001f5e   0x00000006   Code   RO         3322    i._ZN9cHwPort_N3setEj  lib.o
    0x00001f64   0x00000058   Code   RO          446    i._ZN9cHwPort_NC1ENS_6PortIdE  lib.o
    0x00001fbc   0x0000000c   Code   RO         3185    i._Znaj             lib.o
    0x00001fc8   0x00000026   Code   RO         6466    i.__ARM_fpclassifyf  m_ws.l(fpclassifyf.o)
    0x00001fee   0x00000010   Code   RO         6084    i.__cxa_guard_acquire  cpprt_w.l(cxa_guard_acquire.o)
    0x00001ffe   0x00000004   Code   RO          454    i.__cxa_pure_virtual  lib.o
    0x00002002   0x0000000a   Code   RO         6468    i.__mathlib_flt_underflow  m_ws.l(funder.o)
    0x0000200c   0x0000000c   Code   RO         5834    i.__sti___7_GUI_cpp  gui.o
    0x00002018   0x0000013c   Code   RO         5427    i.__sti___8_main_cpp  main.o
    0x00002154   0x00000170   Code   RO         6249    i.expf              m_ws.l(expf.o)
    0x000022c4   0x000001f8   Code   RO         5428    i.main              main.o
    0x000024bc   0x0000004c   Code   RO         6259    i.sqrt              m_ws.l(sqrt.o)
    0x00002508   0x00000020   Code   RO         3179    t._ZN5cFifoIN18cDevControlEncoder6tEventEE6isFullEv  lib.o
    0x00002528   0x00000040   Code   RO         3173    t._ZN5cFifoIN18cDevControlEncoder6tEventEElsERKS1_  lib.o
    0x00002568   0x00000062   Code   RO         6190    x$fpl$d2f           fz_ws.l(d2f.o)
    0x000025ca   0x00000002   PAD
    0x000025cc   0x00000150   Code   RO         6192    x$fpl$dadd          fz_ws.l(daddsub_clz.o)
    0x0000271c   0x000002b0   Code   RO         6199    x$fpl$ddiv          fz_ws.l(ddiv.o)
    0x000029cc   0x0000005a   Code   RO         6202    x$fpl$dfixu         fz_ws.l(dfixu.o)
    0x00002a26   0x0000002e   Code   RO         6207    x$fpl$dflt          fz_ws.l(dflt_clz.o)
    0x00002a54   0x00000026   Code   RO         6206    x$fpl$dfltu         fz_ws.l(dflt_clz.o)
    0x00002a7a   0x00000002   PAD
    0x00002a7c   0x00000154   Code   RO         6212    x$fpl$dmul          fz_ws.l(dmul.o)
    0x00002bd0   0x0000009c   Code   RO         6443    x$fpl$dnaninf       fz_ws.l(dnaninf.o)
    0x00002c6c   0x0000000c   Code   RO         6445    x$fpl$dretinf       fz_ws.l(dretinf.o)
    0x00002c78   0x000001cc   Code   RO         6447    x$fpl$dsqrt         fz_ws.l(dsqrt_noumaal.o)
    0x00002e44   0x000001d4   Code   RO         6194    x$fpl$dsub          fz_ws.l(daddsub_clz.o)
    0x00003018   0x00000056   Code   RO         6214    x$fpl$f2d           fz_ws.l(f2d.o)
    0x0000306e   0x00000002   PAD
    0x00003070   0x000000c4   Code   RO         6216    x$fpl$fadd          fz_ws.l(faddsub_clz.o)
    0x00003134   0x0000000c   Code   RO         6537    x$fpl$fcheck1       fz_ws.l(fcheck1.o)
    0x00003140   0x00000018   Code   RO         6449    x$fpl$fcmpinf       fz_ws.l(fcmpi.o)
    0x00003158   0x00000184   Code   RO         6223    x$fpl$fdiv          fz_ws.l(fdiv.o)
    0x000032dc   0x00000036   Code   RO         6228    x$fpl$ffix          fz_ws.l(ffix.o)
    0x00003312   0x00000002   PAD
    0x00003314   0x0000003e   Code   RO         6232    x$fpl$ffixu         fz_ws.l(ffixu.o)
    0x00003352   0x00000002   PAD
    0x00003354   0x00000030   Code   RO         6237    x$fpl$fflt          fz_ws.l(fflt_clz.o)
    0x00003384   0x00000026   Code   RO         6236    x$fpl$ffltu         fz_ws.l(fflt_clz.o)
    0x000033aa   0x00000002   PAD
    0x000033ac   0x00000068   Code   RO         6242    x$fpl$fleqf         fz_ws.l(fleqf.o)
    0x00003414   0x00000102   Code   RO         6244    x$fpl$fmul          fz_ws.l(fmul.o)
    0x00003516   0x0000008c   Code   RO         6451    x$fpl$fnaninf       fz_ws.l(fnaninf.o)
    0x000035a2   0x0000000a   Code   RO         6453    x$fpl$fretinf       fz_ws.l(fretinf.o)
    0x000035ac   0x00000062   Code   RO         6246    x$fpl$frleqf        fz_ws.l(frleqf.o)
    0x0000360e   0x00000002   PAD
    0x00003610   0x00000060   Code   RO         6455    x$fpl$frnd          fz_ws.l(frnd.o)
    0x00003670   0x00000014   Code   RO         6217    x$fpl$frsb          fz_ws.l(faddsub_clz.o)
    0x00003684   0x000000ea   Code   RO         6218    x$fpl$fsub          fz_ws.l(faddsub_clz.o)
    0x0000376e   0x00000064   Code   RO         6604    x$fpl$retnan        fz_ws.l(retnan.o)
    0x000037d2   0x0000004c   Code   RO         6463    x$fpl$scalbnf       fz_ws.l(scalbnf.o)
    0x0000381e   0x00000030   Code   RO         6640    x$fpl$trapveneer    fz_ws.l(trapv.o)
    0x0000384e   0x00000000   Code   RO         6465    x$fpl$usenofp       fz_ws.l(usenofp.o)
    0x0000384e   0x00000485   Data   RO         5434    .constdata          main.o
    0x00003cd3   0x00000001   PAD
    0x00003cd4   0x00000030   Data   RO         6250    .constdata          m_ws.l(expf.o)
    0x00003d04   0x0000001c   Data   RO         3877    .constdata__ZTV10cHwDisplay  lib.o
    0x00003d20   0x0000001c   Data   RO         2899    .constdata__ZTV10cHwTimer_N  lib.o
    0x00003d3c   0x00000044   Data   RO         2865    .constdata__ZTV11cDevDigital  lib.o
    0x00003d80   0x00000010   Data   RO         3929    .constdata__ZTV11cDevDisplay  lib.o
    0x00003d90   0x0000000c   Data   RO         5497    .constdata__ZTV12TimerHandler  main.o
    0x00003d9c   0x00000010   Data   RO         3900    .constdata__ZTV12cHwSPImaster  lib.o
    0x00003dac   0x00000010   Data   RO         2897    .constdata__ZTV14cHwSPImaster_1  lib.o
    0x00003dbc   0x00000014   Data   RO         2937    .constdata__ZTV15cDevDisplayChar  lib.o
    0x00003dd0   0x00000050   Data   RO         2853    .constdata__ZTV17cHwDisplayGraphic  lib.o
    0x00003e20   0x00000014   Data   RO         2943    .constdata__ZTV18cDevControlEncoder  lib.o
    0x00003e34   0x00000044   Data   RO         2939    .constdata__ZTV18cDevDisplayGraphic  lib.o
    0x00003e78   0x00000050   Data   RO         2909    .constdata__ZTV20cHwDisp_SPFD5408Bspi  lib.o
    0x00003ec8   0x00000014   Data   RO         2945    .constdata__ZTV26cDevControlEncoderJoystick  lib.o
    0x00003edc   0x00000028   Data   RO         2869    .constdata__ZTV6cHwADC  lib.o
    0x00003f04   0x00000020   Data   RO         3871    .constdata__ZTV7cHwPort  lib.o
    0x00003f24   0x00000028   Data   RO         2885    .constdata__ZTV8cHwADC_0  lib.o
    0x00003f4c   0x0000001c   Data   RO         2833    .constdata__ZTV8cHwTimer  lib.o
    0x00003f68   0x00000020   Data   RO         2837    .constdata__ZTV9cHwPort_N  lib.o
    0x00003f88   0x0000002c   Data   RO         2839    .constdata__ZTVN12cHwSPImaster6DeviceE  lib.o
    0x00003fb4   0x0000000c   Data   RO         3863    .constdata__ZTVN5cList4ItemE  lib.o
    0x00003fc0   0x0000001c   Data   RO         3869    .constdata__ZTVN7cHwPort3PinE  lib.o
    0x00003fdc   0x00000020   Data   RO         6664    Region$$Table       anon$$obj.o
    0x00003ffc   0x00000004   Data   RO         5436    .init_array         main.o
    0x00004000   0x00000004   Data   RO         5837    .init_array         gui.o


    Execution Region ER_RW (Base: 0x10000000, Size: 0x000000e4, Max: 0xffffffff, ABSOLUTE)

    Base Addr    Size         Type   Attr      Idx    E Section Name        Object

    0x10000000   0x00000054   Data   RW          892    .data               lib.o
    0x10000054   0x00000088   Data   RW         5435    .data               main.o
    0x100000dc   0x00000008   Data   RW         5498    .data__ZZN3GUI11getInstanceEvE8instance  main.o


    Execution Region ER_ZI (Base: 0x100000e4, Size: 0x00007944, Max: 0xffffffff, ABSOLUTE)

    Base Addr    Size         Type   Attr      Idx    E Section Name        Object

    0x100000e4   0x00000004   PAD
    0x100000e8   0x000008d0   Zero   RW         5433    .bss                main.o
    0x100009b8   0x00000010   Zero   RW         5836    .bss                gui.o
    0x100009c8   0x00000060   Zero   RW         6473    .bss                c_w.l(libspace.o)
    0x10000a28   0x00006000   Zero   RW            2    HEAP                startup_lpc17xx.o
    0x10006a28   0x00001000   Zero   RW            1    STACK               startup_lpc17xx.o


==============================================================================

Image component sizes


      Code (inc. data)   RO Data    RW Data    ZI Data      Debug   Object Name

        12          6          4          0         16       2268   gui.o
      5418        502        716         84          0     132132   lib.o
      2334        198       1173        144       2256      33681   main.o
        32          0          0          0          0        408   rtos_asm.o
        60         26        204          0      28672       1044   startup_lpc17xx.o

    ----------------------------------------------------------------------
      7874        732       2130        228      30948     169533   Object Totals
         0          0         32          0          0          0   (incl. Generated)
        18          0          1          0          4          0   (incl. Padding)

    ----------------------------------------------------------------------

      Code (inc. data)   RO Data    RW Data    ZI Data      Debug   Library Member Name

         8          0          0          0          0         68   __main.o
        52          8          0          0          0          0   __scatter.o
        26          0          0          0          0          0   __scatter_copy.o
        28          0          0          0          0          0   __scatter_zi.o
        22          0          0          0          0        100   _rserrno.o
        16          0          0          0          0         72   abort.o
        48         34          0          0          0         76   defsig_abrt_inner.o
        14          0          0          0          0         80   defsig_abrt_outer.o
        10          0          0          0          0         68   defsig_exit.o
        50          0          0          0          0         88   defsig_general.o
        80         58          0          0          0         76   defsig_rtmem_inner.o
        14          0          0          0          0         80   defsig_rtmem_outer.o
        12          0          0          0          0         72   exit.o
        94          0          0          0          0         80   h1_alloc.o
        52          0          0          0          0         68   h1_extend.o
        78          0          0          0          0         80   h1_free.o
        14          0          0          0          0         84   h1_init.o
         6          0          0          0          0        152   heapauxi.o
         4          0          0          0          0        136   hguard.o
         0          0          0          0          0          0   indicate_semi.o
        36         10          0          0          0         80   init_aeabi.o
       138          0          0          0          0        168   init_alloc.o
         2          0          0          0          0          0   libinit.o
        14          0          0          0          0          0   libinit2.o
         2          0          0          0          0          0   libshutdown.o
         2          0          0          0          0          0   libshutdown2.o
         8          4          0          0         96         68   libspace.o
         0          0          0          0          0          0   maybetermalloc1.o
         8          4          0          0          0         68   rt_errno_addr_intlibspace.o
         8          4          0          0          0         68   rt_heap_descriptor_intlibspace.o
         0          0          0          0          0          0   rtentry.o
        12          0          0          0          0          0   rtentry2.o
         6          0          0          0          0          0   rtentry4.o
         2          0          0          0          0          0   rtexit.o
        10          0          0          0          0          0   rtexit2.o
        12          4          0          0          0         68   sys_exit.o
        74          0          0          0          0         80   sys_stackheap_outer.o
        14          0          0          0          0         76   sys_wrch.o
         2          0          0          0          0         68   use_no_semi.o
        16          0          0          0          0         68   cxa_guard_acquire.o
        98          4          0          0          0         92   d2f.o
       804         16          0          0          0        272   daddsub_clz.o
       688        140          0          0          0        208   ddiv.o
        90          4          0          0          0         92   dfixu.o
        84          0          0          0          0        136   dflt_clz.o
       340         12          0          0          0        104   dmul.o
       156          4          0          0          0         92   dnaninf.o
        12          0          0          0          0         68   dretinf.o
       460         56          0          0          0        120   dsqrt_noumaal.o
        86          4          0          0          0         84   f2d.o
       450          8          0          0          0        236   faddsub_clz.o
        12          4          0          0          0         68   fcheck1.o
        24          0          0          0          0         68   fcmpi.o
       388         76          0          0          0         96   fdiv.o
        54          4          0          0          0         84   ffix.o
        62          4          0          0          0         84   ffixu.o
        86          0          0          0          0        136   fflt_clz.o
       104          4          0          0          0         84   fleqf.o
       258          4          0          0          0         84   fmul.o
       140          4          0          0          0         84   fnaninf.o
        10          0          0          0          0         68   fretinf.o
        98          0          0          0          0         68   frleqf.o
        96          4          0          0          0         76   frnd.o
       100          0          0          0          0         68   retnan.o
        76          0          0          0          0         68   scalbnf.o
        48          0          0          0          0         68   trapv.o
         0          0          0          0          0          0   usenofp.o
       368         44         48          0          0        144   expf.o
        38          0          0          0          0         68   fpclassifyf.o
        10          0          0          0          0         68   funder.o
        76          0          0          0          0         84   sqrt.o

    ----------------------------------------------------------------------
      6336        522         48          0         96       5264   Library Totals
        26          0          0          0          0          0   (incl. Padding)

    ----------------------------------------------------------------------

      Code (inc. data)   RO Data    RW Data    ZI Data      Debug   Library Name

       978        126          0          0         96       2124   c_w.l
        16          0          0          0          0         68   cpprt_w.l
      4824        352          0          0          0       2708   fz_ws.l
       492         44         48          0          0        364   m_ws.l

    ----------------------------------------------------------------------
      6336        522         48          0         96       5264   Library Totals

    ----------------------------------------------------------------------

==============================================================================


      Code (inc. data)   RO Data    RW Data    ZI Data      Debug   

     14210       1254       2178        228      31044     166113   Grand Totals
     14210       1254       2178        228      31044     166113   ELF Image Totals
     14210       1254       2178        228          0          0   ROM Totals

==============================================================================

    Total RO  Size (Code + RO Data)                16388 (  16.00kB)
    Total RW  Size (RW Data + ZI Data)             31272 (  30.54kB)
    Total ROM Size (Code + RO Data + RW Data)      16616 (  16.23kB)

==============================================================================

